---
http_interactions:
- request:
    method: get
    uri: https://api.teleport.org/api/continents/geonames:NA/urban_areas/
    body:
      encoding: US-ASCII
      string: ''
    headers:
      User-Agent:
      - Faraday v1.4.1
      Accept-Encoding:
      - gzip;q=1.0,deflate;q=0.6,identity;q=0.3
      Accept:
      - "*/*"
  response:
    status:
      code: 200
      message: OK
    headers:
      Content-Type:
      - application/json; charset=utf-8
      Content-Length:
      - '1270'
      Connection:
      - keep-alive
      Access-Control-Max-Age:
      - '600'
      Cache-Control:
      - public, max-age=300
      Server:
      - nginx
      X-Apiproxy-Cache-Status:
      - MISS
      Date:
      - Mon, 24 May 2021 22:18:16 GMT
      Via:
      - 1.1 google, 1.1 264cccdb967e804907074b11d3a83242.cloudfront.net (CloudFront)
      Vary:
      - Origin,Accept-Encoding
      X-Cache:
      - Hit from cloudfront
      X-Amz-Cf-Pop:
      - DEN50-C2
      X-Amz-Cf-Id:
      - lIouS3XjbWYP643YkqdOvcsJN26iCvoTVBGj2HFkWmSIi7lKlo_BBg==
      Age:
      - '140'
    body:
      encoding: ASCII-8BIT
      string: '{"_links":{"curies":[{"href":"https://developers.teleport.org/api/resources/Location/#!/relations/{rel}/","name":"location","templated":true},{"href":"https://developers.teleport.org/api/resources/City/#!/relations/{rel}/","name":"city","templated":true},{"href":"https://developers.teleport.org/api/resources/UrbanArea/#!/relations/{rel}/","name":"ua","templated":true},{"href":"https://developers.teleport.org/api/resources/Country/#!/relations/{rel}/","name":"country","templated":true},{"href":"https://developers.teleport.org/api/resources/Admin1Division/#!/relations/{rel}/","name":"a1","templated":true},{"href":"https://developers.teleport.org/api/resources/Timezone/#!/relations/{rel}/","name":"tz","templated":true}],"self":{"href":"https://api.teleport.org/api/urban_areas/"},"ua:items":[{"href":"https://api.teleport.org/api/urban_areas/slug:albuquerque/","name":"Albuquerque"},{"href":"https://api.teleport.org/api/urban_areas/slug:anchorage/","name":"Anchorage"},{"href":"https://api.teleport.org/api/urban_areas/slug:asheville/","name":"Asheville"},{"href":"https://api.teleport.org/api/urban_areas/slug:atlanta/","name":"Atlanta"},{"href":"https://api.teleport.org/api/urban_areas/slug:austin/","name":"Austin"},{"href":"https://api.teleport.org/api/urban_areas/slug:baltimore/","name":"Baltimore"},{"href":"https://api.teleport.org/api/urban_areas/slug:belize-city/","name":"Belize
        City"},{"href":"https://api.teleport.org/api/urban_areas/slug:birmingham-al/","name":"Birmingham,
        AL"},{"href":"https://api.teleport.org/api/urban_areas/slug:boise/","name":"Boise"},{"href":"https://api.teleport.org/api/urban_areas/slug:boston/","name":"Boston"},{"href":"https://api.teleport.org/api/urban_areas/slug:boulder/","name":"Boulder"},{"href":"https://api.teleport.org/api/urban_areas/slug:bozeman/","name":"Bozeman"},{"href":"https://api.teleport.org/api/urban_areas/slug:buffalo/","name":"Buffalo"},{"href":"https://api.teleport.org/api/urban_areas/slug:calgary/","name":"Calgary"},{"href":"https://api.teleport.org/api/urban_areas/slug:charleston/","name":"Charleston"},{"href":"https://api.teleport.org/api/urban_areas/slug:charlotte/","name":"Charlotte"},{"href":"https://api.teleport.org/api/urban_areas/slug:chattanooga/","name":"Chattanooga"},{"href":"https://api.teleport.org/api/urban_areas/slug:chicago/","name":"Chicago"},{"href":"https://api.teleport.org/api/urban_areas/slug:cincinnati/","name":"Cincinnati"},{"href":"https://api.teleport.org/api/urban_areas/slug:cleveland/","name":"Cleveland"},{"href":"https://api.teleport.org/api/urban_areas/slug:colorado-springs/","name":"Colorado
        Springs"},{"href":"https://api.teleport.org/api/urban_areas/slug:columbus/","name":"Columbus"},{"href":"https://api.teleport.org/api/urban_areas/slug:dallas/","name":"Dallas"},{"href":"https://api.teleport.org/api/urban_areas/slug:denver/","name":"Denver"},{"href":"https://api.teleport.org/api/urban_areas/slug:des-moines/","name":"Des
        Moines"},{"href":"https://api.teleport.org/api/urban_areas/slug:detroit/","name":"Detroit"},{"href":"https://api.teleport.org/api/urban_areas/slug:edmonton/","name":"Edmonton"},{"href":"https://api.teleport.org/api/urban_areas/slug:eugene/","name":"Eugene"},{"href":"https://api.teleport.org/api/urban_areas/slug:fort-collins/","name":"Fort
        Collins"},{"href":"https://api.teleport.org/api/urban_areas/slug:guadalajara/","name":"Guadalajara"},{"href":"https://api.teleport.org/api/urban_areas/slug:guatemala-city/","name":"Guatemala
        City"},{"href":"https://api.teleport.org/api/urban_areas/slug:halifax/","name":"Halifax"},{"href":"https://api.teleport.org/api/urban_areas/slug:havana/","name":"Havana"},{"href":"https://api.teleport.org/api/urban_areas/slug:honolulu/","name":"Honolulu"},{"href":"https://api.teleport.org/api/urban_areas/slug:houston/","name":"Houston"},{"href":"https://api.teleport.org/api/urban_areas/slug:indianapolis/","name":"Indianapolis"},{"href":"https://api.teleport.org/api/urban_areas/slug:jacksonville/","name":"Jacksonville"},{"href":"https://api.teleport.org/api/urban_areas/slug:kansas-city/","name":"Kansas
        City"},{"href":"https://api.teleport.org/api/urban_areas/slug:kingston/","name":"Kingston"},{"href":"https://api.teleport.org/api/urban_areas/slug:knoxville/","name":"Knoxville"},{"href":"https://api.teleport.org/api/urban_areas/slug:las-vegas/","name":"Las
        Vegas"},{"href":"https://api.teleport.org/api/urban_areas/slug:los-angeles/","name":"Los
        Angeles"},{"href":"https://api.teleport.org/api/urban_areas/slug:louisville/","name":"Louisville"},{"href":"https://api.teleport.org/api/urban_areas/slug:madison/","name":"Madison"},{"href":"https://api.teleport.org/api/urban_areas/slug:managua/","name":"Managua"},{"href":"https://api.teleport.org/api/urban_areas/slug:memphis/","name":"Memphis"},{"href":"https://api.teleport.org/api/urban_areas/slug:mexico-city/","name":"Mexico
        City"},{"href":"https://api.teleport.org/api/urban_areas/slug:miami/","name":"Miami"},{"href":"https://api.teleport.org/api/urban_areas/slug:milwaukee/","name":"Milwaukee"},{"href":"https://api.teleport.org/api/urban_areas/slug:minneapolis-saint-paul/","name":"Minneapolis-Saint
        Paul"},{"href":"https://api.teleport.org/api/urban_areas/slug:montreal/","name":"Montreal"},{"href":"https://api.teleport.org/api/urban_areas/slug:nashville/","name":"Nashville"},{"href":"https://api.teleport.org/api/urban_areas/slug:new-orleans/","name":"New
        Orleans"},{"href":"https://api.teleport.org/api/urban_areas/slug:new-york/","name":"New
        York"},{"href":"https://api.teleport.org/api/urban_areas/slug:oklahoma-city/","name":"Oklahoma
        City"},{"href":"https://api.teleport.org/api/urban_areas/slug:omaha/","name":"Omaha"},{"href":"https://api.teleport.org/api/urban_areas/slug:orlando/","name":"Orlando"},{"href":"https://api.teleport.org/api/urban_areas/slug:ottawa/","name":"Ottawa"},{"href":"https://api.teleport.org/api/urban_areas/slug:palo-alto/","name":"Palo
        Alto"},{"href":"https://api.teleport.org/api/urban_areas/slug:panama/","name":"Panama"},{"href":"https://api.teleport.org/api/urban_areas/slug:philadelphia/","name":"Philadelphia"},{"href":"https://api.teleport.org/api/urban_areas/slug:phoenix/","name":"Phoenix"},{"href":"https://api.teleport.org/api/urban_areas/slug:pittsburgh/","name":"Pittsburgh"},{"href":"https://api.teleport.org/api/urban_areas/slug:portland-me/","name":"Portland,
        ME"},{"href":"https://api.teleport.org/api/urban_areas/slug:portland-or/","name":"Portland,
        OR"},{"href":"https://api.teleport.org/api/urban_areas/slug:providence/","name":"Providence"},{"href":"https://api.teleport.org/api/urban_areas/slug:raleigh/","name":"Raleigh"},{"href":"https://api.teleport.org/api/urban_areas/slug:richmond/","name":"Richmond"},{"href":"https://api.teleport.org/api/urban_areas/slug:rochester/","name":"Rochester"},{"href":"https://api.teleport.org/api/urban_areas/slug:salt-lake-city/","name":"Salt
        Lake City"},{"href":"https://api.teleport.org/api/urban_areas/slug:san-antonio/","name":"San
        Antonio"},{"href":"https://api.teleport.org/api/urban_areas/slug:san-diego/","name":"San
        Diego"},{"href":"https://api.teleport.org/api/urban_areas/slug:san-francisco-bay-area/","name":"San
        Francisco Bay Area"},{"href":"https://api.teleport.org/api/urban_areas/slug:san-jose/","name":"San
        Jose"},{"href":"https://api.teleport.org/api/urban_areas/slug:san-juan/","name":"San
        Juan"},{"href":"https://api.teleport.org/api/urban_areas/slug:san-luis-obispo/","name":"San
        Luis Obispo"},{"href":"https://api.teleport.org/api/urban_areas/slug:san-salvador/","name":"San
        Salvador"},{"href":"https://api.teleport.org/api/urban_areas/slug:santo-domingo/","name":"Santo
        Domingo"},{"href":"https://api.teleport.org/api/urban_areas/slug:saskatoon/","name":"Saskatoon"},{"href":"https://api.teleport.org/api/urban_areas/slug:seattle/","name":"Seattle"},{"href":"https://api.teleport.org/api/urban_areas/slug:st-louis/","name":"St.
        Louis"},{"href":"https://api.teleport.org/api/urban_areas/slug:tampa-bay-area/","name":"Tampa
        Bay Area"},{"href":"https://api.teleport.org/api/urban_areas/slug:toronto/","name":"Toronto"},{"href":"https://api.teleport.org/api/urban_areas/slug:vancouver/","name":"Vancouver"},{"href":"https://api.teleport.org/api/urban_areas/slug:victoria/","name":"Victoria"},{"href":"https://api.teleport.org/api/urban_areas/slug:washington-dc/","name":"Washington,
        D.C."},{"href":"https://api.teleport.org/api/urban_areas/slug:winnipeg/","name":"Winnipeg"}]},"count":87}'
  recorded_at: Mon, 24 May 2021 22:20:36 GMT
- request:
    method: get
    uri: https://urban-salary-ms.herokuapp.com/api/albuquerque
    body:
      encoding: US-ASCII
      string: ''
    headers:
      User-Agent:
      - Faraday v1.4.1
      Accept-Encoding:
      - gzip;q=1.0,deflate;q=0.6,identity;q=0.3
      Accept:
      - "*/*"
  response:
    status:
      code: 200
      message: OK
    headers:
      Connection:
      - keep-alive
      Server:
      - gunicorn
      Date:
      - Mon, 24 May 2021 22:20:37 GMT
      Content-Type:
      - application/json
      Content-Length:
      - '454'
      Via:
      - 1.1 vegur
    body:
      encoding: UTF-8
      string: '[{"max":48520.84804338995,"min":33498.7043892499,"title":"Data Analyst"},{"max":80139.86163605854,"min":54916.70343071813,"title":"Data
        Scientist"},{"max":72995.58177473645,"min":46666.17348561822,"title":"Mobile
        Developer"},{"max":52982.3054297925,"min":34865.776503634945,"title":"QA Engineer"},{"max":78836.38360842798,"min":54428.18635763126,"title":"Systems
        Administrator"},{"max":57261.46161954997,"min":37294.81800541845,"title":"Web
        Developer"}]

        '
  recorded_at: Mon, 24 May 2021 22:20:37 GMT
- request:
    method: get
    uri: https://urban-salary-ms.herokuapp.com/api/anchorage
    body:
      encoding: US-ASCII
      string: ''
    headers:
      User-Agent:
      - Faraday v1.4.1
      Accept-Encoding:
      - gzip;q=1.0,deflate;q=0.6,identity;q=0.3
      Accept:
      - "*/*"
  response:
    status:
      code: 200
      message: OK
    headers:
      Connection:
      - keep-alive
      Server:
      - gunicorn
      Date:
      - Mon, 24 May 2021 22:20:37 GMT
      Content-Type:
      - application/json
      Content-Length:
      - '457'
      Via:
      - 1.1 vegur
    body:
      encoding: UTF-8
      string: '[{"max":76339.46759145844,"min":52704.62823626876,"title":"Data Analyst"},{"max":123949.65266899324,"min":84937.83464266222,"title":"Data
        Scientist"},{"max":121065.84293035606,"min":77397.55602729882,"title":"Mobile
        Developer"},{"max":96074.58052194401,"min":63223.27472114423,"title":"QA Engineer"},{"max":96789.2234550601,"min":66822.72383193464,"title":"Systems
        Administrator"},{"max":103834.11708390582,"min":67627.93664837522,"title":"Web
        Developer"}]

        '
  recorded_at: Mon, 24 May 2021 22:20:37 GMT
- request:
    method: get
    uri: https://urban-salary-ms.herokuapp.com/api/asheville
    body:
      encoding: US-ASCII
      string: ''
    headers:
      User-Agent:
      - Faraday v1.4.1
      Accept-Encoding:
      - gzip;q=1.0,deflate;q=0.6,identity;q=0.3
      Accept:
      - "*/*"
  response:
    status:
      code: 200
      message: OK
    headers:
      Connection:
      - keep-alive
      Server:
      - gunicorn
      Date:
      - Mon, 24 May 2021 22:20:38 GMT
      Content-Type:
      - application/json
      Content-Length:
      - '456'
      Via:
      - 1.1 vegur
    body:
      encoding: UTF-8
      string: '[{"max":78927.24615301308,"min":54491.22580790308,"title":"Data Analyst"},{"max":130360.84159336677,"min":89331.17092095103,"title":"Data
        Scientist"},{"max":108603.18261420395,"min":69430.16055079679,"title":"Mobile
        Developer"},{"max":86184.5501448565,"min":56714.99645748675,"title":"QA Engineer"},{"max":83519.73314383464,"min":57661.5439527051,"title":"Systems
        Administrator"},{"max":77112.10163075563,"min":50223.688259056624,"title":"Web
        Developer"}]

        '
  recorded_at: Mon, 24 May 2021 22:20:38 GMT
- request:
    method: get
    uri: https://urban-salary-ms.herokuapp.com/api/atlanta
    body:
      encoding: US-ASCII
      string: ''
    headers:
      User-Agent:
      - Faraday v1.4.1
      Accept-Encoding:
      - gzip;q=1.0,deflate;q=0.6,identity;q=0.3
      Accept:
      - "*/*"
  response:
    status:
      code: 200
      message: OK
    headers:
      Connection:
      - keep-alive
      Server:
      - gunicorn
      Date:
      - Mon, 24 May 2021 22:20:38 GMT
      Content-Type:
      - application/json
      Content-Length:
      - '454'
      Via:
      - 1.1 vegur
    body:
      encoding: UTF-8
      string: '[{"max":75045.57831343691,"min":51811.32945330557,"title":"Data Analyst"},{"max":102579.02288999353,"min":70293.3803952726,"title":"Data
        Scientist"},{"max":99701.2824003039,"min":63739.16378784088,"title":"Mobile
        Developer"},{"max":64991.62798016729,"min":42768.68585115677,"title":"QA Engineer"},{"max":75714.15060318941,"min":52272.6146119186,"title":"Systems
        Administrator"},{"max":80929.53242375281,"min":52710.009450583166,"title":"Web
        Developer"}]

        '
  recorded_at: Mon, 24 May 2021 22:20:38 GMT
- request:
    method: get
    uri: https://urban-salary-ms.herokuapp.com/api/austin
    body:
      encoding: US-ASCII
      string: ''
    headers:
      User-Agent:
      - Faraday v1.4.1
      Accept-Encoding:
      - gzip;q=1.0,deflate;q=0.6,identity;q=0.3
      Accept:
      - "*/*"
  response:
    status:
      code: 200
      message: OK
    headers:
      Connection:
      - keep-alive
      Server:
      - gunicorn
      Date:
      - Mon, 24 May 2021 22:20:38 GMT
      Content-Type:
      - application/json
      Content-Length:
      - '456'
      Via:
      - 1.1 vegur
    body:
      encoding: UTF-8
      string: '[{"max":69870.02118778319,"min":48238.13431895125,"title":"Data Analyst"},{"max":133566.43604834768,"min":91527.83905546702,"title":"Data
        Scientist"},{"max":96140.52232027361,"min":61462.76508278825,"title":"Mobile
        Developer"},{"max":79826.67349914635,"min":52531.10327567422,"title":"QA Engineer"},{"max":78836.38360842798,"min":54428.18635763126,"title":"Systems
        Administrator"},{"max":87800.90781228538,"min":57185.38761202457,"title":"Web
        Developer"}]

        '
  recorded_at: Mon, 24 May 2021 22:20:38 GMT
- request:
    method: get
    uri: https://urban-salary-ms.herokuapp.com/api/baltimore
    body:
      encoding: US-ASCII
      string: ''
    headers:
      User-Agent:
      - Faraday v1.4.1
      Accept-Encoding:
      - gzip;q=1.0,deflate;q=0.6,identity;q=0.3
      Accept:
      - "*/*"
  response:
    status:
      code: 200
      message: OK
    headers:
      Connection:
      - keep-alive
      Server:
      - gunicorn
      Date:
      - Mon, 24 May 2021 22:20:39 GMT
      Content-Type:
      - application/json
      Content-Length:
      - '455'
      Via:
      - 1.1 vegur
    body:
      encoding: UTF-8
      string: '[{"max":64694.46405724667,"min":44664.9391864599,"title":"Data Analyst"},{"max":106853.14885208353,"min":73222.27124258313,"title":"Data
        Scientist"},{"max":89019.00215888712,"min":56909.96766533587,"title":"Mobile
        Developer"},{"max":70643.07389518325,"min":46487.70201378219,"title":"QA Engineer"},{"max":78055.82537282901,"min":53889.29340697162,"title":"Systems
        Administrator"},{"max":76348.61549702779,"min":49726.42400715789,"title":"Web
        Developer"}]

        '
  recorded_at: Mon, 24 May 2021 22:20:39 GMT
- request:
    method: get
    uri: https://urban-salary-ms.herokuapp.com/api/belize-city
    body:
      encoding: US-ASCII
      string: ''
    headers:
      User-Agent:
      - Faraday v1.4.1
      Accept-Encoding:
      - gzip;q=1.0,deflate;q=0.6,identity;q=0.3
      Accept:
      - "*/*"
  response:
    status:
      code: 200
      message: OK
    headers:
      Connection:
      - keep-alive
      Server:
      - gunicorn
      Date:
      - Mon, 24 May 2021 22:20:39 GMT
      Content-Type:
      - application/json
      Content-Length:
      - '458'
      Via:
      - 1.1 vegur
    body:
      encoding: UTF-8
      string: '[{"max":36913.586600796596,"min":25485.142366566124,"title":"Data Analyst"},{"max":73374.5611573186,"min":50280.82193343038,"title":"Data
        Scientist"},{"max":48988.02387763089,"min":31317.679261935587,"title":"Mobile
        Developer"},{"max":40560.0429602314,"min":26690.829066398062,"title":"QA Engineer"},{"max":39549.7046427941,"min":27304.998562605288,"title":"Systems
        Administrator"},{"max":42325.66667178503,"min":27567.219287050993,"title":"Web
        Developer"}]

        '
  recorded_at: Mon, 24 May 2021 22:20:39 GMT
- request:
    method: get
    uri: https://urban-salary-ms.herokuapp.com/api/birmingham
    body:
      encoding: US-ASCII
      string: ''
    headers:
      User-Agent:
      - Faraday v1.4.1
      Accept-Encoding:
      - gzip;q=1.0,deflate;q=0.6,identity;q=0.3
      Accept:
      - "*/*"
  response:
    status:
      code: 200
      message: OK
    headers:
      Connection:
      - keep-alive
      Server:
      - gunicorn
      Date:
      - Mon, 24 May 2021 22:20:40 GMT
      Content-Type:
      - application/json
      Content-Length:
      - '459'
      Via:
      - 1.1 vegur
    body:
      encoding: UTF-8
      string: '[{"max":38403.52086643755,"min":26571.1844052605,"title":"Data Analyst"},{"max":53670.004857612395,"min":34824.85121579069,"title":"Data
        Scientist"},{"max":55457.524560402206,"min":35191.32851096583,"title":"Mobile
        Developer"},{"max":42021.71033297877,"min":27618.78204871396,"title":"QA Engineer"},{"max":41051.756376850375,"min":26539.929359677044,"title":"Systems
        Administrator"},{"max":42151.16249218659,"min":28038.687589656867,"title":"Web
        Developer"}]

        '
  recorded_at: Mon, 24 May 2021 22:20:40 GMT
- request:
    method: get
    uri: https://urban-salary-ms.herokuapp.com/api/boise
    body:
      encoding: US-ASCII
      string: ''
    headers:
      User-Agent:
      - Faraday v1.4.1
      Accept-Encoding:
      - gzip;q=1.0,deflate;q=0.6,identity;q=0.3
      Accept:
      - "*/*"
  response:
    status:
      code: 200
      message: OK
    headers:
      Connection:
      - keep-alive
      Server:
      - gunicorn
      Date:
      - Mon, 24 May 2021 22:20:40 GMT
      Content-Type:
      - application/json
      Content-Length:
      - '457'
      Via:
      - 1.1 vegur
    body:
      encoding: UTF-8
      string: '[{"max":97041.6960867799,"min":66997.4087784998,"title":"Data Analyst"},{"max":80139.86163605854,"min":54916.70343071813,"title":"Data
        Scientist"},{"max":66764.25160290037,"min":42682.475752389066,"title":"Mobile
        Developer"},{"max":54395.166897306786,"min":35795.530555079924,"title":"QA
        Engineer"},{"max":67128.00980575645,"min":46344.79234115533,"title":"Systems
        Administrator"},{"max":80166.04626577249,"min":52212.745208299035,"title":"Web
        Developer"}]

        '
  recorded_at: Mon, 24 May 2021 22:20:40 GMT
- request:
    method: get
    uri: https://urban-salary-ms.herokuapp.com/api/boston
    body:
      encoding: US-ASCII
      string: ''
    headers:
      User-Agent:
      - Faraday v1.4.1
      Accept-Encoding:
      - gzip;q=1.0,deflate;q=0.6,identity;q=0.3
      Accept:
      - "*/*"
  response:
    status:
      code: 200
      message: OK
    headers:
      Connection:
      - keep-alive
      Server:
      - gunicorn
      Date:
      - Mon, 24 May 2021 22:20:41 GMT
      Content-Type:
      - application/json
      Content-Length:
      - '458'
      Via:
      - 1.1 vegur
    body:
      encoding: UTF-8
      string: '[{"max":73751.68902768532,"min":50918.030670746884,"title":"Data Analyst"},{"max":103647.55438088557,"min":71025.60310363481,"title":"Data
        Scientist"},{"max":113054.13273098593,"min":72275.6589397435,"title":"Mobile
        Developer"},{"max":84065.25794537662,"min":55320.36538532293,"title":"QA Engineer"},{"max":87422.52442244023,"min":60356.00861440417,"title":"Systems
        Administrator"},{"max":86273.93549732729,"min":56190.859129701865,"title":"Web
        Developer"}]

        '
  recorded_at: Mon, 24 May 2021 22:20:41 GMT
- request:
    method: get
    uri: https://urban-salary-ms.herokuapp.com/api/boulder
    body:
      encoding: US-ASCII
      string: ''
    headers:
      User-Agent:
      - Faraday v1.4.1
      Accept-Encoding:
      - gzip;q=1.0,deflate;q=0.6,identity;q=0.3
      Accept:
      - "*/*"
  response:
    status:
      code: 200
      message: OK
    headers:
      Connection:
      - keep-alive
      Server:
      - gunicorn
      Date:
      - Mon, 24 May 2021 22:20:41 GMT
      Content-Type:
      - application/json
      Content-Length:
      - '456'
      Via:
      - 1.1 vegur
    body:
      encoding: UTF-8
      string: '[{"max":65341.40869867492,"min":45111.58857688701,"title":"Data Analyst"},{"max":143183.21944672,"min":98117.84347270042,"title":"Data
        Scientist"},{"max":121956.03293763321,"min":77966.65571267836,"title":"Mobile
        Developer"},{"max":91129.56531137358,"min":59969.13561228847,"title":"QA Engineer"},{"max":101472.57297564253,"min":70056.08144093846,"title":"Systems
        Administrator"},{"max":106124.57554478686,"min":69119.72937205894,"title":"Web
        Developer"}]

        '
  recorded_at: Mon, 24 May 2021 22:20:41 GMT
- request:
    method: get
    uri: https://urban-salary-ms.herokuapp.com/api/bozeman
    body:
      encoding: US-ASCII
      string: ''
    headers:
      User-Agent:
      - Faraday v1.4.1
      Accept-Encoding:
      - gzip;q=1.0,deflate;q=0.6,identity;q=0.3
      Accept:
      - "*/*"
  response:
    status:
      code: 200
      message: OK
    headers:
      Connection:
      - keep-alive
      Server:
      - gunicorn
      Date:
      - Mon, 24 May 2021 22:20:42 GMT
      Content-Type:
      - application/json
      Content-Length:
      - '456'
      Via:
      - 1.1 vegur
    body:
      encoding: UTF-8
      string: '[{"max":48520.84804338995,"min":33498.7043892499,"title":"Data Analyst"},{"max":80139.86163605854,"min":54916.70343071813,"title":"Data
        Scientist"},{"max":66764.25160290037,"min":42682.475752389066,"title":"Mobile
        Developer"},{"max":52982.3054297925,"min":34865.776503634945,"title":"QA Engineer"},{"max":58541.86901813023,"min":40416.970064228946,"title":"Systems
        Administrator"},{"max":67950.26778706071,"min":44256.51737062672,"title":"Web
        Developer"}]

        '
  recorded_at: Mon, 24 May 2021 22:20:42 GMT
- request:
    method: get
    uri: https://urban-salary-ms.herokuapp.com/api/buffalo
    body:
      encoding: US-ASCII
      string: ''
    headers:
      User-Agent:
      - Faraday v1.4.1
      Accept-Encoding:
      - gzip;q=1.0,deflate;q=0.6,identity;q=0.3
      Accept:
      - "*/*"
  response:
    status:
      code: 200
      message: OK
    headers:
      Connection:
      - keep-alive
      Server:
      - gunicorn
      Date:
      - Mon, 24 May 2021 22:20:42 GMT
      Content-Type:
      - application/json
      Content-Length:
      - '453'
      Via:
      - 1.1 vegur
    body:
      encoding: UTF-8
      string: '[{"max":48520.84804338995,"min":33498.7043892499,"title":"Data Analyst"},{"max":82276.92461631964,"min":56381.1488563927,"title":"Data
        Scientist"},{"max":67654.44162957875,"min":43251.57543173386,"title":"Mobile
        Developer"},{"max":53688.73616915085,"min":35330.65352850305,"title":"QA Engineer"},{"max":67908.56805898165,"min":46883.68527793747,"title":"Systems
        Administrator"},{"max":57261.46161954997,"min":37294.81800541845,"title":"Web
        Developer"}]

        '
  recorded_at: Mon, 24 May 2021 22:20:42 GMT
- request:
    method: get
    uri: https://urban-salary-ms.herokuapp.com/api/calgary
    body:
      encoding: US-ASCII
      string: ''
    headers:
      User-Agent:
      - Faraday v1.4.1
      Accept-Encoding:
      - gzip;q=1.0,deflate;q=0.6,identity;q=0.3
      Accept:
      - "*/*"
  response:
    status:
      code: 200
      message: OK
    headers:
      Connection:
      - keep-alive
      Server:
      - gunicorn
      Date:
      - Mon, 24 May 2021 22:20:42 GMT
      Content-Type:
      - application/json
      Content-Length:
      - '454'
      Via:
      - 1.1 vegur
    body:
      encoding: UTF-8
      string: '[{"max":62782.93620927497,"min":44939.09621508844,"title":"Data Analyst"},{"max":82404.4364902436,"min":53555.63615316331,"title":"Data
        Scientist"},{"max":56024.50243761013,"min":38543.50150000355,"title":"Mobile
        Developer"},{"max":64201.4031253043,"min":43440.997924672396,"title":"QA Engineer"},{"max":61864.83032391438,"min":44164.89631721469,"title":"Systems
        Administrator"},{"max":49223.92599784287,"min":33784.09205329693,"title":"Web
        Developer"}]

        '
  recorded_at: Mon, 24 May 2021 22:20:42 GMT
- request:
    method: get
    uri: https://urban-salary-ms.herokuapp.com/api/charleston
    body:
      encoding: US-ASCII
      string: ''
    headers:
      User-Agent:
      - Faraday v1.4.1
      Accept-Encoding:
      - gzip;q=1.0,deflate;q=0.6,identity;q=0.3
      Accept:
      - "*/*"
  response:
    status:
      code: 200
      message: OK
    headers:
      Connection:
      - keep-alive
      Server:
      - gunicorn
      Date:
      - Mon, 24 May 2021 22:20:43 GMT
      Content-Type:
      - application/json
      Content-Length:
      - '458'
      Via:
      - 1.1 vegur
    body:
      encoding: UTF-8
      string: '[{"max":62106.68549841864,"min":42878.34161807408,"title":"Data Analyst"},{"max":122881.12118299298,"min":84205.61192784924,"title":"Data
        Scientist"},{"max":100591.47242343708,"min":64308.26346625507,"title":"Mobile
        Developer"},{"max":79826.67349914635,"min":52531.10327567422,"title":"QA Engineer"},{"max":86641.96616156276,"min":59817.11568757549,"title":"Systems
        Administrator"},{"max":64896.32317307513,"min":42267.460406919556,"title":"Web
        Developer"}]

        '
  recorded_at: Mon, 24 May 2021 22:20:43 GMT
- request:
    method: get
    uri: https://urban-salary-ms.herokuapp.com/api/charlotte
    body:
      encoding: US-ASCII
      string: ''
    headers:
      User-Agent:
      - Faraday v1.4.1
      Accept-Encoding:
      - gzip;q=1.0,deflate;q=0.6,identity;q=0.3
      Accept:
      - "*/*"
  response:
    status:
      code: 200
      message: OK
    headers:
      Connection:
      - keep-alive
      Server:
      - gunicorn
      Date:
      - Mon, 24 May 2021 22:20:43 GMT
      Content-Type:
      - application/json
      Content-Length:
      - '454'
      Via:
      - 1.1 vegur
    body:
      encoding: UTF-8
      string: '[{"max":59518.90693689081,"min":41091.74405114013,"title":"Data Analyst"},{"max":83345.45609816563,"min":57113.37157155511,"title":"Data
        Scientist"},{"max":79226.91192891626,"min":50649.8712176599,"title":"Mobile
        Developer"},{"max":62872.335783177725,"min":41374.05478519907,"title":"QA
        Engineer"},{"max":69469.6845791256,"min":47961.4711372699,"title":"Systems
        Administrator"},{"max":68713.75395397733,"min":44753.781603085525,"title":"Web
        Developer"}]

        '
  recorded_at: Mon, 24 May 2021 22:20:43 GMT
- request:
    method: get
    uri: https://urban-salary-ms.herokuapp.com/api/chattanooga
    body:
      encoding: US-ASCII
      string: ''
    headers:
      User-Agent:
      - Faraday v1.4.1
      Accept-Encoding:
      - gzip;q=1.0,deflate;q=0.6,identity;q=0.3
      Accept:
      - "*/*"
  response:
    status:
      code: 200
      message: OK
    headers:
      Connection:
      - keep-alive
      Server:
      - gunicorn
      Date:
      - Mon, 24 May 2021 22:20:44 GMT
      Content-Type:
      - application/json
      Content-Length:
      - '458'
      Via:
      - 1.1 vegur
    body:
      encoding: UTF-8
      string: '[{"max":55637.23909184948,"min":38411.847700708844,"title":"Data Analyst"},{"max":91893.70801094102,"min":62971.15327143887,"title":"Data
        Scientist"},{"max":76556.34185222152,"min":48942.57218925708,"title":"Mobile
        Developer"},{"max":60753.043550006354,"min":39979.423733427495,"title":"QA
        Engineer"},{"max":67128.00980575645,"min":46344.79234115533,"title":"Systems
        Administrator"},{"max":65659.80933165767,"min":42764.72464393873,"title":"Web
        Developer"}]

        '
  recorded_at: Mon, 24 May 2021 22:20:44 GMT
- request:
    method: get
    uri: https://urban-salary-ms.herokuapp.com/api/chicago
    body:
      encoding: US-ASCII
      string: ''
    headers:
      User-Agent:
      - Faraday v1.4.1
      Accept-Encoding:
      - gzip;q=1.0,deflate;q=0.6,identity;q=0.3
      Accept:
      - "*/*"
  response:
    status:
      code: 200
      message: OK
    headers:
      Connection:
      - keep-alive
      Server:
      - gunicorn
      Date:
      - Mon, 24 May 2021 22:20:44 GMT
      Content-Type:
      - application/json
      Content-Length:
      - '457'
      Via:
      - 1.1 vegur
    body:
      encoding: UTF-8
      string: '[{"max":67929.18726447425,"min":46898.18614517015,"title":"Data Analyst"},{"max":103647.55438088557,"min":71025.60310363481,"title":"Data
        Scientist"},{"max":79226.91192891626,"min":50649.8712176599,"title":"Mobile
        Developer"},{"max":69936.64316734018,"min":46022.824981352605,"title":"QA
        Engineer"},{"max":79616.94187484588,"min":54967.079284456646,"title":"Systems
        Administrator"},{"max":82456.50473241684,"min":53704.53793049536,"title":"Web
        Developer"}]

        '
  recorded_at: Mon, 24 May 2021 22:20:44 GMT
- request:
    method: get
    uri: https://urban-salary-ms.herokuapp.com/api/cincinnati
    body:
      encoding: US-ASCII
      string: ''
    headers:
      User-Agent:
      - Faraday v1.4.1
      Accept-Encoding:
      - gzip;q=1.0,deflate;q=0.6,identity;q=0.3
      Accept:
      - "*/*"
  response:
    status:
      code: 200
      message: OK
    headers:
      Connection:
      - keep-alive
      Server:
      - gunicorn
      Date:
      - Mon, 24 May 2021 22:20:45 GMT
      Content-Type:
      - application/json
      Content-Length:
      - '453'
      Via:
      - 1.1 vegur
    body:
      encoding: UTF-8
      string: '[{"max":87337.52648653097,"min":60297.66789844498,"title":"Data Analyst"},{"max":99373.42842679168,"min":68096.7122589528,"title":"Data
        Scientist"},{"max":71215.20172250074,"min":45527.97413389021,"title":"Mobile
        Developer"},{"max":52982.3054297925,"min":34865.776503634945,"title":"QA Engineer"},{"max":75714.15060318941,"min":52272.6146119186,"title":"Systems
        Administrator"},{"max":71767.69856961447,"min":46742.83856716637,"title":"Web
        Developer"}]

        '
  recorded_at: Mon, 24 May 2021 22:20:45 GMT
- request:
    method: get
    uri: https://urban-salary-ms.herokuapp.com/api/cleveland
    body:
      encoding: US-ASCII
      string: ''
    headers:
      User-Agent:
      - Faraday v1.4.1
      Accept-Encoding:
      - gzip;q=1.0,deflate;q=0.6,identity;q=0.3
      Accept:
      - "*/*"
  response:
    status:
      code: 200
      message: OK
    headers:
      Connection:
      - keep-alive
      Server:
      - gunicorn
      Date:
      - Mon, 24 May 2021 22:20:45 GMT
      Content-Type:
      - application/json
      Content-Length:
      - '456'
      Via:
      - 1.1 vegur
    body:
      encoding: UTF-8
      string: '[{"max":58871.962293757286,"min":40645.09465914274,"title":"Data Analyst"},{"max":80139.86163605854,"min":54916.70343071813,"title":"Data
        Scientist"},{"max":81897.48197865333,"min":52357.17025134297,"title":"Mobile
        Developer"},{"max":64285.197263147296,"min":42303.80881687898,"title":"QA
        Engineer"},{"max":72591.9175793378,"min":50117.04287990818,"title":"Systems
        Administrator"},{"max":82456.50473241684,"min":53704.53793049536,"title":"Web
        Developer"}]

        '
  recorded_at: Mon, 24 May 2021 22:20:45 GMT
- request:
    method: get
    uri: https://urban-salary-ms.herokuapp.com/api/colorado-springs
    body:
      encoding: US-ASCII
      string: ''
    headers:
      User-Agent:
      - Faraday v1.4.1
      Accept-Encoding:
      - gzip;q=1.0,deflate;q=0.6,identity;q=0.3
      Accept:
      - "*/*"
  response:
    status:
      code: 200
      message: OK
    headers:
      Connection:
      - keep-alive
      Server:
      - gunicorn
      Date:
      - Mon, 24 May 2021 22:20:46 GMT
      Content-Type:
      - application/json
      Content-Length:
      - '456'
      Via:
      - 1.1 vegur
    body:
      encoding: UTF-8
      string: '[{"max":78280.3015152634,"min":54044.576414003815,"title":"Data Analyst"},{"max":128223.77862320459,"min":87866.72549452604,"title":"Data
        Scientist"},{"max":107712.99260235998,"min":68861.06087596405,"title":"Mobile
        Developer"},{"max":85478.11939284134,"min":56250.11944442941,"title":"QA Engineer"},{"max":91325.31567583216,"min":63050.4732937251,"title":"Systems
        Administrator"},{"max":92381.82475621601,"min":60168.97304937017,"title":"Web
        Developer"}]

        '
  recorded_at: Mon, 24 May 2021 22:20:46 GMT
- request:
    method: get
    uri: https://urban-salary-ms.herokuapp.com/api/columbus
    body:
      encoding: US-ASCII
      string: ''
    headers:
      User-Agent:
      - Faraday v1.4.1
      Accept-Encoding:
      - gzip;q=1.0,deflate;q=0.6,identity;q=0.3
      Accept:
      - "*/*"
  response:
    status:
      code: 200
      message: OK
    headers:
      Connection:
      - keep-alive
      Server:
      - gunicorn
      Date:
      - Mon, 24 May 2021 22:20:46 GMT
      Content-Type:
      - application/json
      Content-Length:
      - '457'
      Via:
      - 1.1 vegur
    body:
      encoding: UTF-8
      string: '[{"max":56284.18373523653,"min":38858.49709043604,"title":"Data Analyst"},{"max":112195.80628547551,"min":76883.38481126826,"title":"Data
        Scientist"},{"max":87238.62212124658,"min":55771.7683086496,"title":"Mobile
        Developer"},{"max":68523.78167743773,"min":45093.07094996923,"title":"QA Engineer"},{"max":70250.24283798692,"min":48500.364065893045,"title":"Systems
        Administrator"},{"max":72531.18472769107,"min":47240.102806290946,"title":"Web
        Developer"}]

        '
  recorded_at: Mon, 24 May 2021 22:20:46 GMT
- request:
    method: get
    uri: https://urban-salary-ms.herokuapp.com/api/dallas
    body:
      encoding: US-ASCII
      string: ''
    headers:
      User-Agent:
      - Faraday v1.4.1
      Accept-Encoding:
      - gzip;q=1.0,deflate;q=0.6,identity;q=0.3
      Accept:
      - "*/*"
  response:
    status:
      code: 200
      message: OK
    headers:
      Connection:
      - keep-alive
      Server:
      - gunicorn
      Date:
      - Mon, 24 May 2021 22:20:46 GMT
      Content-Type:
      - application/json
      Content-Length:
      - '455'
      Via:
      - 1.1 vegur
    body:
      encoding: UTF-8
      string: '[{"max":69223.07654170398,"min":47791.4849315486,"title":"Data Analyst"},{"max":95099.30247557144,"min":65167.82140820134,"title":"Data
        Scientist"},{"max":109493.37264132568,"min":69999.26023545155,"title":"Mobile
        Developer"},{"max":63578.76649966831,"min":41838.93181888532,"title":"QA Engineer"},{"max":92105.87393341793,"min":63589.36622753794,"title":"Systems
        Administrator"},{"max":87037.4216607383,"min":56688.123372262984,"title":"Web
        Developer"}]

        '
  recorded_at: Mon, 24 May 2021 22:20:46 GMT
- request:
    method: get
    uri: https://urban-salary-ms.herokuapp.com/api/denver
    body:
      encoding: US-ASCII
      string: ''
    headers:
      User-Agent:
      - Faraday v1.4.1
      Accept-Encoding:
      - gzip;q=1.0,deflate;q=0.6,identity;q=0.3
      Accept:
      - "*/*"
  response:
    status:
      code: 200
      message: OK
    headers:
      Connection:
      - keep-alive
      Server:
      - gunicorn
      Date:
      - Mon, 24 May 2021 22:20:47 GMT
      Content-Type:
      - application/json
      Content-Length:
      - '457'
      Via:
      - 1.1 vegur
    body:
      encoding: UTF-8
      string: '[{"max":62106.68549841864,"min":42878.34161807408,"title":"Data Analyst"},{"max":108990.21182279277,"min":74686.71667078791,"title":"Data
        Scientist"},{"max":109493.37264132568,"min":69999.26023545155,"title":"Mobile
        Developer"},{"max":85478.11939284134,"min":56250.11944442941,"title":"QA Engineer"},{"max":78055.82537282901,"min":53889.29340697162,"title":"Systems
        Administrator"},{"max":78639.07397537524,"min":51218.21672136418,"title":"Web
        Developer"}]

        '
  recorded_at: Mon, 24 May 2021 22:20:47 GMT
- request:
    method: get
    uri: https://urban-salary-ms.herokuapp.com/api/des-moines
    body:
      encoding: US-ASCII
      string: ''
    headers:
      User-Agent:
      - Faraday v1.4.1
      Accept-Encoding:
      - gzip;q=1.0,deflate;q=0.6,identity;q=0.3
      Accept:
      - "*/*"
  response:
    status:
      code: 200
      message: OK
    headers:
      Connection:
      - keep-alive
      Server:
      - gunicorn
      Date:
      - Mon, 24 May 2021 22:20:47 GMT
      Content-Type:
      - application/json
      Content-Length:
      - '455'
      Via:
      - 1.1 vegur
    body:
      encoding: UTF-8
      string: '[{"max":48520.84804338995,"min":33498.7043892499,"title":"Data Analyst"},{"max":80139.86163605854,"min":54916.70343071813,"title":"Data
        Scientist"},{"max":66764.25160290037,"min":42682.475752389066,"title":"Mobile
        Developer"},{"max":57220.889850693115,"min":37655.0386328499,"title":"QA Engineer"},{"max":61664.10203603069,"min":42572.54179777824,"title":"Systems
        Administrator"},{"max":61078.89239398397,"min":39781.13920657994,"title":"Web
        Developer"}]

        '
  recorded_at: Mon, 24 May 2021 22:20:47 GMT
- request:
    method: get
    uri: https://urban-salary-ms.herokuapp.com/api/detroit
    body:
      encoding: US-ASCII
      string: ''
    headers:
      User-Agent:
      - Faraday v1.4.1
      Accept-Encoding:
      - gzip;q=1.0,deflate;q=0.6,identity;q=0.3
      Accept:
      - "*/*"
  response:
    status:
      code: 200
      message: OK
    headers:
      Connection:
      - keep-alive
      Server:
      - gunicorn
      Date:
      - Mon, 24 May 2021 22:20:48 GMT
      Content-Type:
      - application/json
      Content-Length:
      - '455'
      Via:
      - 1.1 vegur
    body:
      encoding: UTF-8
      string: '[{"max":67282.24262154022,"min":46451.536753631284,"title":"Data Analyst"},{"max":100441.95991297506,"min":68828.9349691616,"title":"Data
        Scientist"},{"max":77446.53187117472,"min":49511.67187223908,"title":"Mobile
        Developer"},{"max":75588.0890622255,"min":49741.84115712039,"title":"QA Engineer"},{"max":76494.70886427842,"min":52811.5075442126,"title":"Systems
        Administrator"},{"max":80929.53242375281,"min":52710.009450583166,"title":"Web
        Developer"}]

        '
  recorded_at: Mon, 24 May 2021 22:20:48 GMT
- request:
    method: get
    uri: https://urban-salary-ms.herokuapp.com/api/edmonton
    body:
      encoding: US-ASCII
      string: ''
    headers:
      User-Agent:
      - Faraday v1.4.1
      Accept-Encoding:
      - gzip;q=1.0,deflate;q=0.6,identity;q=0.3
      Accept:
      - "*/*"
  response:
    status:
      code: 200
      message: OK
    headers:
      Connection:
      - keep-alive
      Server:
      - gunicorn
      Date:
      - Mon, 24 May 2021 22:20:48 GMT
      Content-Type:
      - application/json
      Content-Length:
      - '456'
      Via:
      - 1.1 vegur
    body:
      encoding: UTF-8
      string: '[{"max":51192.24028858621,"min":36642.64768378738,"title":"Data Analyst"},{"max":63335.64127110763,"min":41162.596437189786,"title":"Data
        Scientist"},{"max":67984.78947978208,"min":46771.88946279792,"title":"Mobile
        Developer"},{"max":56834.02901131337,"min":38455.96536853805,"title":"QA Engineer"},{"max":51053.50074901706,"min":36446.75909707891,"title":"Systems
        Administrator"},{"max":45246.23500767864,"min":31054.06441464697,"title":"Web
        Developer"}]

        '
  recorded_at: Mon, 24 May 2021 22:20:48 GMT
- request:
    method: get
    uri: https://urban-salary-ms.herokuapp.com/api/eugene
    body:
      encoding: US-ASCII
      string: ''
    headers:
      User-Agent:
      - Faraday v1.4.1
      Accept-Encoding:
      - gzip;q=1.0,deflate;q=0.6,identity;q=0.3
      Accept:
      - "*/*"
  response:
    status:
      code: 200
      message: OK
    headers:
      Connection:
      - keep-alive
      Server:
      - gunicorn
      Date:
      - Mon, 24 May 2021 22:20:49 GMT
      Content-Type:
      - application/json
      Content-Length:
      - '453'
      Via:
      - 1.1 vegur
    body:
      encoding: UTF-8
      string: '[{"max":57578.07301604572,"min":39751.79587380463,"title":"Data Analyst"},{"max":80139.86163605854,"min":54916.70343071813,"title":"Data
        Scientist"},{"max":78336.72190428262,"min":50080.77154174538,"title":"Mobile
        Developer"},{"max":52982.3054297925,"min":34865.776503634945,"title":"QA Engineer"},{"max":72591.9175793378,"min":50117.04287990818,"title":"Systems
        Administrator"},{"max":71004.2124116037,"min":46245.57432853396,"title":"Web
        Developer"}]

        '
  recorded_at: Mon, 24 May 2021 22:20:49 GMT
- request:
    method: get
    uri: https://urban-salary-ms.herokuapp.com/api/fort-collins
    body:
      encoding: US-ASCII
      string: ''
    headers:
      User-Agent:
      - Faraday v1.4.1
      Accept-Encoding:
      - gzip;q=1.0,deflate;q=0.6,identity;q=0.3
      Accept:
      - "*/*"
  response:
    status:
      code: 200
      message: OK
    headers:
      Connection:
      - keep-alive
      Server:
      - gunicorn
      Date:
      - Mon, 24 May 2021 22:20:49 GMT
      Content-Type:
      - application/json
      Content-Length:
      - '457'
      Via:
      - 1.1 vegur
    body:
      encoding: UTF-8
      string: '[{"max":51108.62661089272,"min":35285.30195556398,"title":"Data Analyst"},{"max":80139.86163605854,"min":54916.70343071813,"title":"Data
        Scientist"},{"max":66764.25160290037,"min":42682.475752389066,"title":"Mobile
        Developer"},{"max":52982.3054297925,"min":34865.776503634945,"title":"QA Engineer"},{"max":58541.86901813023,"min":40416.970064228946,"title":"Systems
        Administrator"},{"max":57261.46161954997,"min":37294.81800541845,"title":"Web
        Developer"}]

        '
  recorded_at: Mon, 24 May 2021 22:20:49 GMT
- request:
    method: get
    uri: https://urban-salary-ms.herokuapp.com/api/guadalajara
    body:
      encoding: US-ASCII
      string: ''
    headers:
      User-Agent:
      - Faraday v1.4.1
      Accept-Encoding:
      - gzip;q=1.0,deflate;q=0.6,identity;q=0.3
      Accept:
      - "*/*"
  response:
    status:
      code: 200
      message: OK
    headers:
      Connection:
      - keep-alive
      Server:
      - gunicorn
      Date:
      - Mon, 24 May 2021 22:20:49 GMT
      Content-Type:
      - application/json
      Content-Length:
      - '460'
      Via:
      - 1.1 vegur
    body:
      encoding: UTF-8
      string: '[{"max":19875.73353476634,"min":13721.989586041265,"title":"Data Analyst"},{"max":39695.73847194756,"min":27201.661247132488,"title":"Data
        Scientist"},{"max":15621.725340879662,"min":9986.90976857954,"title":"Mobile
        Developer"},{"max":23103.661824293238,"min":13444.002003704945,"title":"QA
        Engineer"},{"max":24216.83305063218,"min":16719.00785522445,"title":"Systems
        Administrator"},{"max":26747.517883021494,"min":9254.662877431725,"title":"Web
        Developer"}]

        '
  recorded_at: Mon, 24 May 2021 22:20:49 GMT
- request:
    method: get
    uri: https://urban-salary-ms.herokuapp.com/api/guatemala-city
    body:
      encoding: US-ASCII
      string: ''
    headers:
      User-Agent:
      - Faraday v1.4.1
      Accept-Encoding:
      - gzip;q=1.0,deflate;q=0.6,identity;q=0.3
      Accept:
      - "*/*"
  response:
    status:
      code: 200
      message: OK
    headers:
      Connection:
      - keep-alive
      Server:
      - gunicorn
      Date:
      - Mon, 24 May 2021 22:20:50 GMT
      Content-Type:
      - application/json
      Content-Length:
      - '460'
      Via:
      - 1.1 vegur
    body:
      encoding: UTF-8
      string: '[{"max":15294.621246567878,"min":10559.288695203759,"title":"Data Analyst"},{"max":17927.0054779301,"min":12284.549021582678,"title":"Data
        Scientist"},{"max":18918.36411105539,"min":12094.455396908916,"title":"Mobile
        Developer"},{"max":14949.233684161747,"min":9837.15384939402,"title":"QA Engineer"},{"max":24033.654622738897,"min":16592.69394332858,"title":"Systems
        Administrator"},{"max":16386.06268793828,"min":10672.135977664942,"title":"Web
        Developer"}]

        '
  recorded_at: Mon, 24 May 2021 22:20:50 GMT
- request:
    method: get
    uri: https://urban-salary-ms.herokuapp.com/api/halifax
    body:
      encoding: US-ASCII
      string: ''
    headers:
      User-Agent:
      - Faraday v1.4.1
      Accept-Encoding:
      - gzip;q=1.0,deflate;q=0.6,identity;q=0.3
      Accept:
      - "*/*"
  response:
    status:
      code: 200
      message: OK
    headers:
      Connection:
      - keep-alive
      Server:
      - gunicorn
      Date:
      - Mon, 24 May 2021 22:20:50 GMT
      Content-Type:
      - application/json
      Content-Length:
      - '458'
      Via:
      - 1.1 vegur
    body:
      encoding: UTF-8
      string: '[{"max":53606.96859527317,"min":38371.07446465783,"title":"Data Analyst"},{"max":63335.64127110763,"min":41162.596437189786,"title":"Data
        Scientist"},{"max":59801.43519091171,"min":41141.93980132461,"title":"Mobile
        Developer"},{"max":49992.8958911523,"min":33827.006575218446,"title":"QA Engineer"},{"max":54657.277276343455,"min":39019.47150361039,"title":"Systems
        Administrator"},{"max":43257.38951259368,"min":29689.050593954926,"title":"Web
        Developer"}]

        '
  recorded_at: Mon, 24 May 2021 22:20:50 GMT
- request:
    method: get
    uri: https://urban-salary-ms.herokuapp.com/api/havana
    body:
      encoding: US-ASCII
      string: ''
    headers:
      User-Agent:
      - Faraday v1.4.1
      Accept-Encoding:
      - gzip;q=1.0,deflate;q=0.6,identity;q=0.3
      Accept:
      - "*/*"
  response:
    status:
      code: 200
      message: OK
    headers:
      Connection:
      - keep-alive
      Server:
      - gunicorn
      Date:
      - Mon, 24 May 2021 22:20:51 GMT
      Content-Type:
      - application/json
      Content-Length:
      - '455'
      Via:
      - 1.1 vegur
    body:
      encoding: UTF-8
      string: '[{"max":663.0959857483099,"min":457.53494687958414,"title":"Data Analyst"},{"max":1318.7455642397638,"min":903.3378989105211,"title":"Data
        Scientist"},{"max":880.2840435342018,"min":562.6325849073469,"title":"Mobile
        Developer"},{"max":728.2838747326966,"min":479.67039543279,"title":"QA Engineer"},{"max":710.2891091536374,"min":490.1955189211496,"title":"Systems
        Administrator"},{"max":759.9191709675325,"min":495.1029893566213,"title":"Web
        Developer"}]

        '
  recorded_at: Mon, 24 May 2021 22:20:51 GMT
- request:
    method: get
    uri: https://urban-salary-ms.herokuapp.com/api/honolulu
    body:
      encoding: US-ASCII
      string: ''
    headers:
      User-Agent:
      - Faraday v1.4.1
      Accept-Encoding:
      - gzip;q=1.0,deflate;q=0.6,identity;q=0.3
      Accept:
      - "*/*"
  response:
    status:
      code: 200
      message: OK
    headers:
      Connection:
      - keep-alive
      Server:
      - gunicorn
      Date:
      - Mon, 24 May 2021 22:20:51 GMT
      Content-Type:
      - application/json
      Content-Length:
      - '454'
      Via:
      - 1.1 vegur
    body:
      encoding: UTF-8
      string: '[{"max":64694.46405724667,"min":44664.9391864599,"title":"Data Analyst"},{"max":106853.14885208353,"min":73222.27124258313,"title":"Data
        Scientist"},{"max":73885.7717966224,"min":47235.27316243325,"title":"Mobile
        Developer"},{"max":70643.07389518325,"min":46487.70201378219,"title":"QA Engineer"},{"max":63225.21855075812,"min":43650.32766223585,"title":"Systems
        Administrator"},{"max":74058.15703431505,"min":48234.63128494238,"title":"Web
        Developer"}]

        '
  recorded_at: Mon, 24 May 2021 22:20:51 GMT
- request:
    method: get
    uri: https://urban-salary-ms.herokuapp.com/api/houston
    body:
      encoding: US-ASCII
      string: ''
    headers:
      User-Agent:
      - Faraday v1.4.1
      Accept-Encoding:
      - gzip;q=1.0,deflate;q=0.6,identity;q=0.3
      Accept:
      - "*/*"
  response:
    status:
      code: 200
      message: OK
    headers:
      Connection:
      - keep-alive
      Server:
      - gunicorn
      Date:
      - Mon, 24 May 2021 22:20:51 GMT
      Content-Type:
      - application/json
      Content-Length:
      - '457'
      Via:
      - 1.1 vegur
    body:
      encoding: UTF-8
      string: '[{"max":64047.51941819342,"min":44218.28979549507,"title":"Data Analyst"},{"max":126086.71563011633,"min":86402.2800653003,"title":"Data
        Scientist"},{"max":108603.18261420395,"min":69430.16055079679,"title":"Mobile
        Developer"},{"max":94661.71903703468,"min":62293.520682870665,"title":"QA
        Engineer"},{"max":78836.38360842798,"min":54428.18635763126,"title":"Systems
        Administrator"},{"max":89327.88014753915,"min":58179.91608709972,"title":"Web
        Developer"}]

        '
  recorded_at: Mon, 24 May 2021 22:20:52 GMT
- request:
    method: get
    uri: https://urban-salary-ms.herokuapp.com/api/indianapolis
    body:
      encoding: US-ASCII
      string: ''
    headers:
      User-Agent:
      - Faraday v1.4.1
      Accept-Encoding:
      - gzip;q=1.0,deflate;q=0.6,identity;q=0.3
      Accept:
      - "*/*"
  response:
    status:
      code: 200
      message: OK
    headers:
      Connection:
      - keep-alive
      Server:
      - gunicorn
      Date:
      - Mon, 24 May 2021 22:20:52 GMT
      Content-Type:
      - application/json
      Content-Length:
      - '456'
      Via:
      - 1.1 vegur
    body:
      encoding: UTF-8
      string: '[{"max":53049.46053132296,"min":36625.2501311172,"title":"Data Analyst"},{"max":104716.08586693989,"min":71757.82581831717,"title":"Data
        Scientist"},{"max":66764.25160290037,"min":42682.475752389066,"title":"Mobile
        Developer"},{"max":63578.76649966831,"min":41838.93181888532,"title":"QA Engineer"},{"max":58541.86901813023,"min":40416.970064228946,"title":"Systems
        Administrator"},{"max":71004.2124116037,"min":46245.57432853396,"title":"Web
        Developer"}]

        '
  recorded_at: Mon, 24 May 2021 22:20:52 GMT
- request:
    method: get
    uri: https://urban-salary-ms.herokuapp.com/api/jacksonville
    body:
      encoding: US-ASCII
      string: ''
    headers:
      User-Agent:
      - Faraday v1.4.1
      Accept-Encoding:
      - gzip;q=1.0,deflate;q=0.6,identity;q=0.3
      Accept:
      - "*/*"
  response:
    status:
      code: 200
      message: OK
    headers:
      Connection:
      - keep-alive
      Server:
      - gunicorn
      Date:
      - Mon, 24 May 2021 22:20:52 GMT
      Content-Type:
      - application/json
      Content-Length:
      - '456'
      Via:
      - 1.1 vegur
    body:
      encoding: UTF-8
      string: '[{"max":49167.79268266486,"min":33945.35378253495,"title":"Data Analyst"},{"max":104716.08586693989,"min":71757.82581831717,"title":"Data
        Scientist"},{"max":89019.00215888712,"min":56909.96766533587,"title":"Mobile
        Developer"},{"max":59340.18207275057,"min":39049.669689813505,"title":"QA
        Engineer"},{"max":67128.00980575645,"min":46344.79234115533,"title":"Systems
        Administrator"},{"max":70240.72625405579,"min":45748.3100851583,"title":"Web
        Developer"}]

        '
  recorded_at: Mon, 24 May 2021 22:20:52 GMT
- request:
    method: get
    uri: https://urban-salary-ms.herokuapp.com/api/kansas-city
    body:
      encoding: US-ASCII
      string: ''
    headers:
      User-Agent:
      - Faraday v1.4.1
      Accept-Encoding:
      - gzip;q=1.0,deflate;q=0.6,identity;q=0.3
      Accept:
      - "*/*"
  response:
    status:
      code: 200
      message: OK
    headers:
      Connection:
      - keep-alive
      Server:
      - gunicorn
      Date:
      - Mon, 24 May 2021 22:20:53 GMT
      Content-Type:
      - application/json
      Content-Length:
      - '455'
      Via:
      - 1.1 vegur
    body:
      encoding: UTF-8
      string: '[{"max":56284.18373523653,"min":38858.49709043604,"title":"Data Analyst"},{"max":83345.45609816563,"min":57113.37157155511,"title":"Data
        Scientist"},{"max":72105.39174561834,"min":46097.07381423051,"title":"Mobile
        Developer"},{"max":68523.78167743773,"min":45093.07094996923,"title":"QA Engineer"},{"max":72591.9175793378,"min":50117.04287990818,"title":"Systems
        Administrator"},{"max":68713.75395397733,"min":44753.781603085525,"title":"Web
        Developer"}]

        '
  recorded_at: Mon, 24 May 2021 22:20:53 GMT
- request:
    method: get
    uri: https://urban-salary-ms.herokuapp.com/api/kingston
    body:
      encoding: US-ASCII
      string: ''
    headers:
      User-Agent:
      - Faraday v1.4.1
      Accept-Encoding:
      - gzip;q=1.0,deflate;q=0.6,identity;q=0.3
      Accept:
      - "*/*"
  response:
    status:
      code: 200
      message: OK
    headers:
      Connection:
      - keep-alive
      Server:
      - gunicorn
      Date:
      - Mon, 24 May 2021 22:20:53 GMT
      Content-Type:
      - application/json
      Content-Length:
      - '461'
      Via:
      - 1.1 vegur
    body:
      encoding: UTF-8
      string: '[{"max":20111.18396421471,"min":13884.152882287748,"title":"Data Analyst"},{"max":39975.08782519863,"min":27393.493046845553,"title":"Data
        Scientist"},{"max":26688.02008936154,"min":17061.982168450944,"title":"Mobile
        Developer"},{"max":22096.94920278678,"min":14540.745971299248,"title":"QA
        Engineer"},{"max":58528.020206469664,"min":20997.30549404082,"title":"Systems
        Administrator"},{"max":23058.939509438136,"min":15018.61052200606,"title":"Web
        Developer"}]

        '
  recorded_at: Mon, 24 May 2021 22:20:53 GMT
- request:
    method: get
    uri: https://urban-salary-ms.herokuapp.com/api/knoxville
    body:
      encoding: US-ASCII
      string: ''
    headers:
      User-Agent:
      - Faraday v1.4.1
      Accept-Encoding:
      - gzip;q=1.0,deflate;q=0.6,identity;q=0.3
      Accept:
      - "*/*"
  response:
    status:
      code: 200
      message: OK
    headers:
      Connection:
      - keep-alive
      Server:
      - gunicorn
      Date:
      - Mon, 24 May 2021 22:20:54 GMT
      Content-Type:
      - application/json
      Content-Length:
      - '454'
      Via:
      - 1.1 vegur
    body:
      encoding: UTF-8
      string: '[{"max":71810.85510921839,"min":49578.08249600103,"title":"Data Analyst"},{"max":80139.86163605854,"min":54916.70343071813,"title":"Data
        Scientist"},{"max":87238.62212124658,"min":55771.7683086496,"title":"Mobile
        Developer"},{"max":69230.21242859494,"min":45557.9479686916,"title":"QA Engineer"},{"max":74153.03410244147,"min":51194.828742004254,"title":"Systems
        Administrator"},{"max":75585.12934009054,"min":49229.15977159391,"title":"Web
        Developer"}]

        '
  recorded_at: Mon, 24 May 2021 22:20:54 GMT
- request:
    method: get
    uri: https://urban-salary-ms.herokuapp.com/api/las-vegas
    body:
      encoding: US-ASCII
      string: ''
    headers:
      User-Agent:
      - Faraday v1.4.1
      Accept-Encoding:
      - gzip;q=1.0,deflate;q=0.6,identity;q=0.3
      Accept:
      - "*/*"
  response:
    status:
      code: 200
      message: OK
    headers:
      Connection:
      - keep-alive
      Server:
      - gunicorn
      Date:
      - Mon, 24 May 2021 22:20:54 GMT
      Content-Type:
      - application/json
      Content-Length:
      - '453'
      Via:
      - 1.1 vegur
    body:
      encoding: UTF-8
      string: '[{"max":49167.79268266486,"min":33945.35378253495,"title":"Data Analyst"},{"max":108990.21182279277,"min":74686.71667078791,"title":"Data
        Scientist"},{"max":78336.72190428262,"min":50080.77154174538,"title":"Mobile
        Developer"},{"max":93955.288275294,"min":61828.6436765931,"title":"QA Engineer"},{"max":84300.29139588449,"min":58200.43688869912,"title":"Systems
        Administrator"},{"max":75585.12934009054,"min":49229.15977159391,"title":"Web
        Developer"}]

        '
  recorded_at: Mon, 24 May 2021 22:20:54 GMT
- request:
    method: get
    uri: https://urban-salary-ms.herokuapp.com/api/los-angeles
    body:
      encoding: US-ASCII
      string: ''
    headers:
      User-Agent:
      - Faraday v1.4.1
      Accept-Encoding:
      - gzip;q=1.0,deflate;q=0.6,identity;q=0.3
      Accept:
      - "*/*"
  response:
    status:
      code: 200
      message: OK
    headers:
      Connection:
      - keep-alive
      Server:
      - gunicorn
      Date:
      - Mon, 24 May 2021 22:20:54 GMT
      Content-Type:
      - application/json
      Content-Length:
      - '457'
      Via:
      - 1.1 vegur
    body:
      encoding: UTF-8
      string: '[{"max":73751.68902768532,"min":50918.030670746884,"title":"Data Analyst"},{"max":141046.15647358153,"min":96653.39804555834,"title":"Data
        Scientist"},{"max":127297.17307456095,"min":81381.25376109958,"title":"Mobile
        Developer"},{"max":84771.68867778049,"min":55785.24241302826,"title":"QA Engineer"},{"max":76494.70886427842,"min":52811.5075442126,"title":"Systems
        Administrator"},{"max":90091.36628361428,"min":58677.18033344793,"title":"Web
        Developer"}]

        '
  recorded_at: Mon, 24 May 2021 22:20:54 GMT
- request:
    method: get
    uri: https://urban-salary-ms.herokuapp.com/api/louisville
    body:
      encoding: US-ASCII
      string: ''
    headers:
      User-Agent:
      - Faraday v1.4.1
      Accept-Encoding:
      - gzip;q=1.0,deflate;q=0.6,identity;q=0.3
      Accept:
      - "*/*"
  response:
    status:
      code: 200
      message: OK
    headers:
      Connection:
      - keep-alive
      Server:
      - gunicorn
      Date:
      - Mon, 24 May 2021 22:20:55 GMT
      Content-Type:
      - application/json
      Content-Length:
      - '458'
      Via:
      - 1.1 vegur
    body:
      encoding: UTF-8
      string: '[{"max":56931.12837516807,"min":39305.14648258747,"title":"Data Analyst"},{"max":90825.1765203278,"min":62238.93055303494,"title":"Data
        Scientist"},{"max":75666.15182142046,"min":48373.472521758296,"title":"Mobile
        Developer"},{"max":60753.043550006354,"min":39979.423733427495,"title":"QA
        Engineer"},{"max":68689.12632986557,"min":47422.578199759526,"title":"Systems
        Administrator"},{"max":61078.89239398397,"min":39781.13920657994,"title":"Web
        Developer"}]

        '
  recorded_at: Mon, 24 May 2021 22:20:55 GMT
- request:
    method: get
    uri: https://urban-salary-ms.herokuapp.com/api/madison
    body:
      encoding: US-ASCII
      string: ''
    headers:
      User-Agent:
      - Faraday v1.4.1
      Accept-Encoding:
      - gzip;q=1.0,deflate;q=0.6,identity;q=0.3
      Accept:
      - "*/*"
  response:
    status:
      code: 200
      message: OK
    headers:
      Connection:
      - keep-alive
      Server:
      - gunicorn
      Date:
      - Mon, 24 May 2021 22:20:55 GMT
      Content-Type:
      - application/json
      Content-Length:
      - '455'
      Via:
      - 1.1 vegur
    body:
      encoding: UTF-8
      string: '[{"max":62106.68549841864,"min":42878.34161807408,"title":"Data Analyst"},{"max":98304.89693196058,"min":67364.4895487232,"title":"Data
        Scientist"},{"max":91689.57220837638,"min":58617.266694313665,"title":"Mobile
        Developer"},{"max":62165.905024900974,"min":40909.17777394076,"title":"QA
        Engineer"},{"max":84300.29139588449,"min":58200.43688869912,"title":"Systems
        Administrator"},{"max":66423.2954796246,"min":43261.98888645592,"title":"Web
        Developer"}]

        '
  recorded_at: Mon, 24 May 2021 22:20:55 GMT
- request:
    method: get
    uri: https://urban-salary-ms.herokuapp.com/api/managua
    body:
      encoding: US-ASCII
      string: ''
    headers:
      User-Agent:
      - Faraday v1.4.1
      Accept-Encoding:
      - gzip;q=1.0,deflate;q=0.6,identity;q=0.3
      Accept:
      - "*/*"
  response:
    status:
      code: 200
      message: OK
    headers:
      Connection:
      - keep-alive
      Server:
      - gunicorn
      Date:
      - Mon, 24 May 2021 22:20:56 GMT
      Content-Type:
      - application/json
      Content-Length:
      - '460'
      Via:
      - 1.1 vegur
    body:
      encoding: UTF-8
      string: '[{"max":9322.536769950038,"min":6436.415481018502,"title":"Data Analyst"},{"max":18531.546749115754,"min":12699.224430292992,"title":"Data
        Scientist"},{"max":12372.026450088782,"min":7909.400110508245,"title":"Mobile
        Developer"},{"max":10243.549872010884,"min":6740.504043431619,"title":"QA
        Engineer"},{"max":9988.388169089389,"min":6895.959502686758,"title":"Systems
        Administrator"},{"max":10689.610317220071,"min":6961.972337937453,"title":"Web
        Developer"}]

        '
  recorded_at: Mon, 24 May 2021 22:20:56 GMT
- request:
    method: get
    uri: https://urban-salary-ms.herokuapp.com/api/memphis
    body:
      encoding: US-ASCII
      string: ''
    headers:
      User-Agent:
      - Faraday v1.4.1
      Accept-Encoding:
      - gzip;q=1.0,deflate;q=0.6,identity;q=0.3
      Accept:
      - "*/*"
  response:
    status:
      code: 200
      message: OK
    headers:
      Connection:
      - keep-alive
      Server:
      - gunicorn
      Date:
      - Mon, 24 May 2021 22:20:56 GMT
      Content-Type:
      - application/json
      Content-Length:
      - '454'
      Via:
      - 1.1 vegur
    body:
      encoding: UTF-8
      string: '[{"max":54990.29444638925,"min":37965.19830883137,"title":"Data Analyst"},{"max":87619.58205385953,"min":60042.26242039054,"title":"Data
        Scientist"},{"max":91689.57220837638,"min":58617.266694313665,"title":"Mobile
        Developer"},{"max":72762.36611971052,"min":47882.33307016642,"title":"QA Engineer"},{"max":69469.6845791256,"min":47961.4711372699,"title":"Systems
        Administrator"},{"max":78639.07397537524,"min":51218.21672136418,"title":"Web
        Developer"}]

        '
  recorded_at: Mon, 24 May 2021 22:20:56 GMT
- request:
    method: get
    uri: https://urban-salary-ms.herokuapp.com/api/mexico-city
    body:
      encoding: US-ASCII
      string: ''
    headers:
      User-Agent:
      - Faraday v1.4.1
      Accept-Encoding:
      - gzip;q=1.0,deflate;q=0.6,identity;q=0.3
      Accept:
      - "*/*"
  response:
    status:
      code: 200
      message: OK
    headers:
      Connection:
      - keep-alive
      Server:
      - gunicorn
      Date:
      - Mon, 24 May 2021 22:20:57 GMT
      Content-Type:
      - application/json
      Content-Length:
      - '464'
      Via:
      - 1.1 vegur
    body:
      encoding: UTF-8
      string: '[{"max":22260.82155805368,"min":15368.628336250627,"title":"Data Analyst"},{"max":39244.650538531976,"min":26892.551457669688,"title":"Data
        Scientist"},{"max":20216.350437024175,"min":12924.236171783148,"title":"Mobile
        Developer"},{"max":36493.2840414654,"min":21235.412242780556,"title":"QA Engineer"},{"max":32376.852881212963,"min":22352.586588966922,"title":"Systems
        Administrator"},{"max":40872.611525050175,"min":14141.956758612438,"title":"Web
        Developer"}]

        '
  recorded_at: Mon, 24 May 2021 22:20:57 GMT
- request:
    method: get
    uri: https://urban-salary-ms.herokuapp.com/api/miami
    body:
      encoding: US-ASCII
      string: ''
    headers:
      User-Agent:
      - Faraday v1.4.1
      Accept-Encoding:
      - gzip;q=1.0,deflate;q=0.6,identity;q=0.3
      Accept:
      - "*/*"
  response:
    status:
      code: 200
      message: OK
    headers:
      Connection:
      - keep-alive
      Server:
      - gunicorn
      Date:
      - Mon, 24 May 2021 22:20:57 GMT
      Content-Type:
      - application/json
      Content-Length:
      - '457'
      Via:
      - 1.1 vegur
    body:
      encoding: UTF-8
      string: '[{"max":58225.017650562215,"min":40198.44526917638,"title":"Data Analyst"},{"max":105784.6173443593,"min":72490.04853878374,"title":"Data
        Scientist"},{"max":107712.99260235998,"min":68861.06087596405,"title":"Mobile
        Developer"},{"max":52982.3054297925,"min":34865.776503634945,"title":"QA Engineer"},{"max":77275.26712431731,"min":53350.400475099224,"title":"Systems
        Administrator"},{"max":66423.2954796246,"min":43261.98888645592,"title":"Web
        Developer"}]

        '
  recorded_at: Mon, 24 May 2021 22:20:57 GMT
- request:
    method: get
    uri: https://urban-salary-ms.herokuapp.com/api/milwaukee
    body:
      encoding: US-ASCII
      string: ''
    headers:
      User-Agent:
      - Faraday v1.4.1
      Accept-Encoding:
      - gzip;q=1.0,deflate;q=0.6,identity;q=0.3
      Accept:
      - "*/*"
  response:
    status:
      code: 200
      message: OK
    headers:
      Connection:
      - keep-alive
      Server:
      - gunicorn
      Date:
      - Mon, 24 May 2021 22:20:57 GMT
      Content-Type:
      - application/json
      Content-Length:
      - '456'
      Via:
      - 1.1 vegur
    body:
      encoding: UTF-8
      string: '[{"max":64694.46405724667,"min":44664.9391864599,"title":"Data Analyst"},{"max":106853.14885208353,"min":73222.27124258313,"title":"Data
        Scientist"},{"max":66764.25160290037,"min":42682.475752389066,"title":"Mobile
        Developer"},{"max":74175.22760473256,"min":48812.08709720572,"title":"QA Engineer"},{"max":88203.08267193275,"min":60894.90155436152,"title":"Systems
        Administrator"},{"max":91618.33860329307,"min":59671.70880924855,"title":"Web
        Developer"}]

        '
  recorded_at: Mon, 24 May 2021 22:20:57 GMT
- request:
    method: get
    uri: https://urban-salary-ms.herokuapp.com/api/minneapolis-saint-paul
    body:
      encoding: US-ASCII
      string: ''
    headers:
      User-Agent:
      - Faraday v1.4.1
      Accept-Encoding:
      - gzip;q=1.0,deflate;q=0.6,identity;q=0.3
      Accept:
      - "*/*"
  response:
    status:
      code: 200
      message: OK
    headers:
      Connection:
      - keep-alive
      Server:
      - gunicorn
      Date:
      - Mon, 24 May 2021 22:20:58 GMT
      Content-Type:
      - application/json
      Content-Length:
      - '456'
      Via:
      - 1.1 vegur
    body:
      encoding: UTF-8
      string: '[{"max":68576.13189834576,"min":47344.83554183311,"title":"Data Analyst"},{"max":101510.49139888739,"min":69561.15768478984,"title":"Data
        Scientist"},{"max":97920.90235352749,"min":62600.9644323691,"title":"Mobile
        Developer"},{"max":72762.36611971052,"min":47882.33307016642,"title":"QA Engineer"},{"max":87422.52442244023,"min":60356.00861440417,"title":"Systems
        Administrator"},{"max":80166.04626577249,"min":52212.745208299035,"title":"Web
        Developer"}]

        '
  recorded_at: Mon, 24 May 2021 22:20:58 GMT
- request:
    method: get
    uri: https://urban-salary-ms.herokuapp.com/api/montreal
    body:
      encoding: US-ASCII
      string: ''
    headers:
      User-Agent:
      - Faraday v1.4.1
      Accept-Encoding:
      - gzip;q=1.0,deflate;q=0.6,identity;q=0.3
      Accept:
      - "*/*"
  response:
    status:
      code: 200
      message: OK
    headers:
      Connection:
      - keep-alive
      Server:
      - gunicorn
      Date:
      - Mon, 24 May 2021 22:20:58 GMT
      Content-Type:
      - application/json
      Content-Length:
      - '462'
      Via:
      - 1.1 vegur
    body:
      encoding: UTF-8
      string: '[{"max":44913.94666091629,"min":32148.738067037564,"title":"Data Analyst"},{"max":63335.64127110763,"min":41162.596437189786,"title":"Data
        Scientist"},{"max":69873.25586244742,"min":48071.10860218638,"title":"Mobile
        Developer"},{"max":39994.316709570936,"min":27061.605262586123,"title":"QA
        Engineer"},{"max":48650.983069609436,"min":34731.617492560676,"title":"Systems
        Administrator"},{"max":50715.56011611141,"min":34807.852420384406,"title":"Web
        Developer"}]

        '
  recorded_at: Mon, 24 May 2021 22:20:58 GMT
- request:
    method: get
    uri: https://urban-salary-ms.herokuapp.com/api/nashville
    body:
      encoding: US-ASCII
      string: ''
    headers:
      User-Agent:
      - Faraday v1.4.1
      Accept-Encoding:
      - gzip;q=1.0,deflate;q=0.6,identity;q=0.3
      Accept:
      - "*/*"
  response:
    status:
      code: 200
      message: OK
    headers:
      Connection:
      - keep-alive
      Server:
      - gunicorn
      Date:
      - Mon, 24 May 2021 22:20:59 GMT
      Content-Type:
      - application/json
      Content-Length:
      - '455'
      Via:
      - 1.1 vegur
    body:
      encoding: UTF-8
      string: '[{"max":77633.35687402646,"min":53597.92702443089,"title":"Data Analyst"},{"max":111127.27479913467,"min":76151.16209775003,"title":"Data
        Scientist"},{"max":115724.70281105395,"min":73982.95796331194,"title":"Mobile
        Developer"},{"max":69230.21242859494,"min":45557.9479686916,"title":"QA Engineer"},{"max":95228.10694779815,"min":65744.93796383051,"title":"Systems
        Administrator"},{"max":77875.58780583544,"min":50720.9524852436,"title":"Web
        Developer"}]

        '
  recorded_at: Mon, 24 May 2021 22:20:59 GMT
- request:
    method: get
    uri: https://urban-salary-ms.herokuapp.com/api/new-orleans
    body:
      encoding: US-ASCII
      string: ''
    headers:
      User-Agent:
      - Faraday v1.4.1
      Accept-Encoding:
      - gzip;q=1.0,deflate;q=0.6,identity;q=0.3
      Accept:
      - "*/*"
  response:
    status:
      code: 200
      message: OK
    headers:
      Connection:
      - keep-alive
      Server:
      - gunicorn
      Date:
      - Mon, 24 May 2021 22:20:59 GMT
      Content-Type:
      - application/json
      Content-Length:
      - '454'
      Via:
      - 1.1 vegur
    body:
      encoding: UTF-8
      string: '[{"max":56931.12837516807,"min":39305.14648258747,"title":"Data Analyst"},{"max":82276.92461631964,"min":56381.1488563927,"title":"Data
        Scientist"},{"max":82787.67200851279,"min":52926.26992925836,"title":"Mobile
        Developer"},{"max":64991.62798016729,"min":42768.68585115677,"title":"QA Engineer"},{"max":67908.56805898165,"min":46883.68527793747,"title":"Systems
        Administrator"},{"max":63369.35086269795,"min":41272.93192822161,"title":"Web
        Developer"}]

        '
  recorded_at: Mon, 24 May 2021 22:20:59 GMT
- request:
    method: get
    uri: https://urban-salary-ms.herokuapp.com/api/new-york
    body:
      encoding: US-ASCII
      string: ''
    headers:
      User-Agent:
      - Faraday v1.4.1
      Accept-Encoding:
      - gzip;q=1.0,deflate;q=0.6,identity;q=0.3
      Accept:
      - "*/*"
  response:
    status:
      code: 200
      message: OK
    headers:
      Connection:
      - keep-alive
      Server:
      - gunicorn
      Date:
      - Mon, 24 May 2021 22:21:00 GMT
      Content-Type:
      - application/json
      Content-Length:
      - '449'
      Via:
      - 1.1 vegur
    body:
      encoding: UTF-8
      string: '[{"max":74398.6336698978,"min":51364.68006298,"title":"Data Analyst"},{"max":137840.56201304868,"min":94456.72990478088,"title":"Data
        Scientist"},{"max":99701.2824003039,"min":63739.16378784088,"title":"Mobile
        Developer"},{"max":77000.950564234,"min":50671.59518144873,"title":"QA Engineer"},{"max":86641.96616156276,"min":59817.11568757549,"title":"Systems
        Administrator"},{"max":93145.31090947312,"min":60666.23728822957,"title":"Web
        Developer"}]

        '
  recorded_at: Mon, 24 May 2021 22:21:00 GMT
- request:
    method: get
    uri: https://urban-salary-ms.herokuapp.com/api/oklahoma-city
    body:
      encoding: US-ASCII
      string: ''
    headers:
      User-Agent:
      - Faraday v1.4.1
      Accept-Encoding:
      - gzip;q=1.0,deflate;q=0.6,identity;q=0.3
      Accept:
      - "*/*"
  response:
    status:
      code: 200
      message: OK
    headers:
      Connection:
      - keep-alive
      Server:
      - gunicorn
      Date:
      - Mon, 24 May 2021 22:21:00 GMT
      Content-Type:
      - application/json
      Content-Length:
      - '458'
      Via:
      - 1.1 vegur
    body:
      encoding: UTF-8
      string: '[{"max":67282.24262154022,"min":46451.536753631284,"title":"Data Analyst"},{"max":95099.30247557144,"min":65167.82140820134,"title":"Data
        Scientist"},{"max":68544.63165569108,"min":43820.675105460425,"title":"Mobile
        Developer"},{"max":52982.3054297925,"min":34865.776503634945,"title":"QA Engineer"},{"max":74933.59234166906,"min":51733.72168001654,"title":"Systems
        Administrator"},{"max":72531.18472769107,"min":47240.102806290946,"title":"Web
        Developer"}]

        '
  recorded_at: Mon, 24 May 2021 22:21:00 GMT
- request:
    method: get
    uri: https://urban-salary-ms.herokuapp.com/api/omaha
    body:
      encoding: US-ASCII
      string: ''
    headers:
      User-Agent:
      - Faraday v1.4.1
      Accept-Encoding:
      - gzip;q=1.0,deflate;q=0.6,identity;q=0.3
      Accept:
      - "*/*"
  response:
    status:
      code: 200
      message: OK
    headers:
      Connection:
      - keep-alive
      Server:
      - gunicorn
      Date:
      - Mon, 24 May 2021 22:21:00 GMT
      Content-Type:
      - application/json
      Content-Length:
      - '455'
      Via:
      - 1.1 vegur
    body:
      encoding: UTF-8
      string: '[{"max":51755.57124921816,"min":35731.95134772512,"title":"Data Analyst"},{"max":85482.51906500297,"min":58577.81699926197,"title":"Data
        Scientist"},{"max":80117.10192517788,"min":51218.97090408605,"title":"Mobile
        Developer"},{"max":58633.7513385349,"min":38584.79266631062,"title":"QA Engineer"},{"max":62444.66029733085,"min":43111.434727682674,"title":"Systems
        Administrator"},{"max":75585.12934009054,"min":49229.15977159391,"title":"Web
        Developer"}]

        '
  recorded_at: Mon, 24 May 2021 22:21:00 GMT
- request:
    method: get
    uri: https://urban-salary-ms.herokuapp.com/api/orlando
    body:
      encoding: US-ASCII
      string: ''
    headers:
      User-Agent:
      - Faraday v1.4.1
      Accept-Encoding:
      - gzip;q=1.0,deflate;q=0.6,identity;q=0.3
      Accept:
      - "*/*"
  response:
    status:
      code: 200
      message: OK
    headers:
      Connection:
      - keep-alive
      Server:
      - gunicorn
      Date:
      - Mon, 24 May 2021 22:21:01 GMT
      Content-Type:
      - application/json
      Content-Length:
      - '455'
      Via:
      - 1.1 vegur
    body:
      encoding: UTF-8
      string: '[{"max":48520.84804338995,"min":33498.7043892499,"title":"Data Analyst"},{"max":87619.58205385953,"min":60042.26242039054,"title":"Data
        Scientist"},{"max":86348.43207728905,"min":55202.66863708013,"title":"Mobile
        Developer"},{"max":71349.50463996132,"min":46952.57903494119,"title":"QA Engineer"},{"max":66347.45156626459,"min":45805.89940122432,"title":"Systems
        Administrator"},{"max":72531.18472769107,"min":47240.102806290946,"title":"Web
        Developer"}]

        '
  recorded_at: Mon, 24 May 2021 22:21:01 GMT
- request:
    method: get
    uri: https://urban-salary-ms.herokuapp.com/api/ottawa
    body:
      encoding: US-ASCII
      string: ''
    headers:
      User-Agent:
      - Faraday v1.4.1
      Accept-Encoding:
      - gzip;q=1.0,deflate;q=0.6,identity;q=0.3
      Accept:
      - "*/*"
  response:
    status:
      code: 200
      message: OK
    headers:
      Connection:
      - keep-alive
      Server:
      - gunicorn
      Date:
      - Mon, 24 May 2021 22:21:02 GMT
      Content-Type:
      - application/json
      Content-Length:
      - '458'
      Via:
      - 1.1 vegur
    body:
      encoding: UTF-8
      string: '[{"max":51192.24028858621,"min":36642.64768378738,"title":"Data Analyst"},{"max":83085.46498267338,"min":53998.244675063965,"title":"Data
        Scientist"},{"max":67984.78947978208,"min":46771.88946279792,"title":"Mobile
        Developer"},{"max":54202.82396559166,"min":36675.59660086693,"title":"QA Engineer"},{"max":54056.64785777791,"min":38590.686100686136,"title":"Systems
        Administrator"},{"max":53201.616986342895,"min":36514.11969570707,"title":"Web
        Developer"}]

        '
  recorded_at: Mon, 24 May 2021 22:21:02 GMT
- request:
    method: get
    uri: https://urban-salary-ms.herokuapp.com/api/palo-alto
    body:
      encoding: US-ASCII
      string: ''
    headers:
      User-Agent:
      - Faraday v1.4.1
      Accept-Encoding:
      - gzip;q=1.0,deflate;q=0.6,identity;q=0.3
      Accept:
      - "*/*"
  response:
    status:
      code: 200
      message: OK
    headers:
      Connection:
      - keep-alive
      Server:
      - gunicorn
      Date:
      - Mon, 24 May 2021 22:21:02 GMT
      Content-Type:
      - application/json
      Content-Length:
      - '455'
      Via:
      - 1.1 vegur
    body:
      encoding: UTF-8
      string: '[{"max":97041.6960867799,"min":66997.4087784998,"title":"Data Analyst"},{"max":160279.7232721171,"min":109833.40686143626,"title":"Data
        Scientist"},{"max":133528.50320580075,"min":85364.95150477813,"title":"Mobile
        Developer"},{"max":105964.610859585,"min":69731.55300726989,"title":"QA Engineer"},{"max":117083.73803626046,"min":80833.94012845789,"title":"Systems
        Administrator"},{"max":114522.92323909994,"min":74589.6360108369,"title":"Web
        Developer"}]

        '
  recorded_at: Mon, 24 May 2021 22:21:02 GMT
- request:
    method: get
    uri: https://urban-salary-ms.herokuapp.com/api/panama
    body:
      encoding: US-ASCII
      string: ''
    headers:
      User-Agent:
      - Faraday v1.4.1
      Accept-Encoding:
      - gzip;q=1.0,deflate;q=0.6,identity;q=0.3
      Accept:
      - "*/*"
  response:
    status:
      code: 200
      message: OK
    headers:
      Connection:
      - keep-alive
      Server:
      - gunicorn
      Date:
      - Mon, 24 May 2021 22:21:02 GMT
      Content-Type:
      - application/json
      Content-Length:
      - '458'
      Via:
      - 1.1 vegur
    body:
      encoding: UTF-8
      string: '[{"max":16985.80895412767,"min":11726.83486590121,"title":"Data Analyst"},{"max":33763.13975223639,"min":23136.740573881445,"title":"Data
        Scientist"},{"max":22541.3671871331,"min":14410.223219465592,"title":"Mobile
        Developer"},{"max":18663.1120377655,"min":12281.36257760443,"title":"QA Engineer"},{"max":18198.21653998937,"min":12563.851268207272,"title":"Systems
        Administrator"},{"max":19475.834171575847,"min":12684.327713678284,"title":"Web
        Developer"}]

        '
  recorded_at: Mon, 24 May 2021 22:21:02 GMT
- request:
    method: get
    uri: https://urban-salary-ms.herokuapp.com/api/philadelphia
    body:
      encoding: US-ASCII
      string: ''
    headers:
      User-Agent:
      - Faraday v1.4.1
      Accept-Encoding:
      - gzip;q=1.0,deflate;q=0.6,identity;q=0.3
      Accept:
      - "*/*"
  response:
    status:
      code: 200
      message: OK
    headers:
      Connection:
      - keep-alive
      Server:
      - gunicorn
      Date:
      - Mon, 24 May 2021 22:21:03 GMT
      Content-Type:
      - application/json
      Content-Length:
      - '455'
      Via:
      - 1.1 vegur
    body:
      encoding: UTF-8
      string: '[{"max":67929.18726447425,"min":46898.18614517015,"title":"Data Analyst"},{"max":108990.21182279277,"min":74686.71667078791,"title":"Data
        Scientist"},{"max":97920.90235352749,"min":62600.9644323691,"title":"Mobile
        Developer"},{"max":68523.78167743773,"min":45093.07094996923,"title":"QA Engineer"},{"max":86641.96616156276,"min":59817.11568757549,"title":"Systems
        Administrator"},{"max":74058.15703431505,"min":48234.63128494238,"title":"Web
        Developer"}]

        '
  recorded_at: Mon, 24 May 2021 22:21:03 GMT
- request:
    method: get
    uri: https://urban-salary-ms.herokuapp.com/api/phoenix
    body:
      encoding: US-ASCII
      string: ''
    headers:
      User-Agent:
      - Faraday v1.4.1
      Accept-Encoding:
      - gzip;q=1.0,deflate;q=0.6,identity;q=0.3
      Accept:
      - "*/*"
  response:
    status:
      code: 200
      message: OK
    headers:
      Connection:
      - keep-alive
      Server:
      - gunicorn
      Date:
      - Mon, 24 May 2021 22:21:03 GMT
      Content-Type:
      - application/json
      Content-Length:
      - '457'
      Via:
      - 1.1 vegur
    body:
      encoding: UTF-8
      string: '[{"max":62753.630136282205,"min":43324.99101059718,"title":"Data Analyst"},{"max":116469.9322467109,"min":79812.27565376564,"title":"Data
        Scientist"},{"max":71215.20172250074,"min":45527.97413389021,"title":"Mobile
        Developer"},{"max":63578.76649966831,"min":41838.93181888532,"title":"QA Engineer"},{"max":81178.05838462056,"min":56044.865148394674,"title":"Systems
        Administrator"},{"max":75585.12934009054,"min":49229.15977159391,"title":"Web
        Developer"}]

        '
  recorded_at: Mon, 24 May 2021 22:21:03 GMT
- request:
    method: get
    uri: https://urban-salary-ms.herokuapp.com/api/pittsburgh
    body:
      encoding: US-ASCII
      string: ''
    headers:
      User-Agent:
      - Faraday v1.4.1
      Accept-Encoding:
      - gzip;q=1.0,deflate;q=0.6,identity;q=0.3
      Accept:
      - "*/*"
  response:
    status:
      code: 200
      message: OK
    headers:
      Connection:
      - keep-alive
      Server:
      - gunicorn
      Date:
      - Mon, 24 May 2021 22:21:04 GMT
      Content-Type:
      - application/json
      Content-Length:
      - '453'
      Via:
      - 1.1 vegur
    body:
      encoding: UTF-8
      string: '[{"max":67929.18726447425,"min":46898.18614517015,"title":"Data Analyst"},{"max":94030.77098118557,"min":64435.59869577871,"title":"Data
        Scientist"},{"max":97030.71233806055,"min":62031.8647635074,"title":"Mobile
        Developer"},{"max":87597.41161486976,"min":57644.75050306472,"title":"QA Engineer"},{"max":98350.3399779303,"min":67900.50969226935,"title":"Systems
        Administrator"},{"max":71767.69856961447,"min":46742.83856716637,"title":"Web
        Developer"}]

        '
  recorded_at: Mon, 24 May 2021 22:21:04 GMT
- request:
    method: get
    uri: https://urban-salary-ms.herokuapp.com/api/providence
    body:
      encoding: US-ASCII
      string: ''
    headers:
      User-Agent:
      - Faraday v1.4.1
      Accept-Encoding:
      - gzip;q=1.0,deflate;q=0.6,identity;q=0.3
      Accept:
      - "*/*"
  response:
    status:
      code: 200
      message: OK
    headers:
      Connection:
      - keep-alive
      Server:
      - gunicorn
      Date:
      - Mon, 24 May 2021 22:21:04 GMT
      Content-Type:
      - application/json
      Content-Length:
      - '456'
      Via:
      - 1.1 vegur
    body:
      encoding: UTF-8
      string: '[{"max":71810.85510921839,"min":49578.08249600103,"title":"Data Analyst"},{"max":80139.86163605854,"min":54916.70343071813,"title":"Data
        Scientist"},{"max":66764.25160290037,"min":42682.475752389066,"title":"Mobile
        Developer"},{"max":52982.3054297925,"min":34865.776503634945,"title":"QA Engineer"},{"max":58541.86901813023,"min":40416.970064228946,"title":"Systems
        Administrator"},{"max":66423.2954796246,"min":43261.98888645592,"title":"Web
        Developer"}]

        '
  recorded_at: Mon, 24 May 2021 22:21:05 GMT
- request:
    method: get
    uri: https://urban-salary-ms.herokuapp.com/api/raleigh
    body:
      encoding: US-ASCII
      string: ''
    headers:
      User-Agent:
      - Faraday v1.4.1
      Accept-Encoding:
      - gzip;q=1.0,deflate;q=0.6,identity;q=0.3
      Accept:
      - "*/*"
  response:
    status:
      code: 200
      message: OK
    headers:
      Connection:
      - keep-alive
      Server:
      - gunicorn
      Date:
      - Mon, 24 May 2021 22:21:05 GMT
      Content-Type:
      - application/json
      Content-Length:
      - '456'
      Via:
      - 1.1 vegur
    body:
      encoding: UTF-8
      string: '[{"max":59518.90693689081,"min":41091.74405114013,"title":"Data Analyst"},{"max":105784.6173443593,"min":72490.04853878374,"title":"Data
        Scientist"},{"max":94360.14227818864,"min":60324.565728772046,"title":"Mobile
        Developer"},{"max":68523.78167743773,"min":45093.07094996923,"title":"QA Engineer"},{"max":74933.59234166906,"min":51733.72168001654,"title":"Systems
        Administrator"},{"max":82456.50473241684,"min":53704.53793049536,"title":"Web
        Developer"}]

        '
  recorded_at: Mon, 24 May 2021 22:21:05 GMT
- request:
    method: get
    uri: https://urban-salary-ms.herokuapp.com/api/richmond
    body:
      encoding: US-ASCII
      string: ''
    headers:
      User-Agent:
      - Faraday v1.4.1
      Accept-Encoding:
      - gzip;q=1.0,deflate;q=0.6,identity;q=0.3
      Accept:
      - "*/*"
  response:
    status:
      code: 200
      message: OK
    headers:
      Connection:
      - keep-alive
      Server:
      - gunicorn
      Date:
      - Mon, 24 May 2021 22:21:05 GMT
      Content-Type:
      - application/json
      Content-Length:
      - '456'
      Via:
      - 1.1 vegur
    body:
      encoding: UTF-8
      string: '[{"max":70516.96582667937,"min":48684.783711011565,"title":"Data Analyst"},{"max":96167.83396006364,"min":65900.04411888779,"title":"Data
        Scientist"},{"max":82787.67200851279,"min":52926.26992925836,"title":"Mobile
        Developer"},{"max":65698.05873394843,"min":43233.562860961254,"title":"QA
        Engineer"},{"max":69469.6845791256,"min":47961.4711372699,"title":"Systems
        Administrator"},{"max":72531.18472769107,"min":47240.102806290946,"title":"Web
        Developer"}]

        '
  recorded_at: Mon, 24 May 2021 22:21:05 GMT
- request:
    method: get
    uri: https://urban-salary-ms.herokuapp.com/api/rochester
    body:
      encoding: US-ASCII
      string: ''
    headers:
      User-Agent:
      - Faraday v1.4.1
      Accept-Encoding:
      - gzip;q=1.0,deflate;q=0.6,identity;q=0.3
      Accept:
      - "*/*"
  response:
    status:
      code: 200
      message: OK
    headers:
      Connection:
      - keep-alive
      Server:
      - gunicorn
      Date:
      - Mon, 24 May 2021 22:21:06 GMT
      Content-Type:
      - application/json
      Content-Length:
      - '458'
      Via:
      - 1.1 vegur
    body:
      encoding: UTF-8
      string: '[{"max":65988.35333987242,"min":45558.237971780625,"title":"Data Analyst"},{"max":80139.86163605854,"min":54916.70343071813,"title":"Data
        Scientist"},{"max":89909.19216811561,"min":57479.067348348326,"title":"Mobile
        Developer"},{"max":79120.24275998458,"min":52066.22625723727,"title":"QA Engineer"},{"max":64005.77679969955,"min":44189.22060054874,"title":"Systems
        Administrator"},{"max":58788.433924118115,"min":38289.34649294531,"title":"Web
        Developer"}]

        '
  recorded_at: Mon, 24 May 2021 22:21:06 GMT
- request:
    method: get
    uri: https://urban-salary-ms.herokuapp.com/api/salt-lake-city
    body:
      encoding: US-ASCII
      string: ''
    headers:
      User-Agent:
      - Faraday v1.4.1
      Accept-Encoding:
      - gzip;q=1.0,deflate;q=0.6,identity;q=0.3
      Accept:
      - "*/*"
  response:
    status:
      code: 200
      message: OK
    headers:
      Connection:
      - keep-alive
      Server:
      - gunicorn
      Date:
      - Mon, 24 May 2021 22:21:06 GMT
      Content-Type:
      - application/json
      Content-Length:
      - '453'
      Via:
      - 1.1 vegur
    body:
      encoding: UTF-8
      string: '[{"max":62106.68549841864,"min":42878.34161807408,"title":"Data Analyst"},{"max":117538.46373170381,"min":80544.4983681681,"title":"Data
        Scientist"},{"max":84568.0520299337,"min":54064.46928856516,"title":"Mobile
        Developer"},{"max":72762.36611971052,"min":47882.33307016642,"title":"QA Engineer"},{"max":87422.52442244023,"min":60356.00861440417,"title":"Systems
        Administrator"},{"max":77875.58780583544,"min":50720.9524852436,"title":"Web
        Developer"}]

        '
  recorded_at: Mon, 24 May 2021 22:21:06 GMT
- request:
    method: get
    uri: https://urban-salary-ms.herokuapp.com/api/san-antonio
    body:
      encoding: US-ASCII
      string: ''
    headers:
      User-Agent:
      - Faraday v1.4.1
      Accept-Encoding:
      - gzip;q=1.0,deflate;q=0.6,identity;q=0.3
      Accept:
      - "*/*"
  response:
    status:
      code: 200
      message: OK
    headers:
      Connection:
      - keep-alive
      Server:
      - gunicorn
      Date:
      - Mon, 24 May 2021 22:21:07 GMT
      Content-Type:
      - application/json
      Content-Length:
      - '455'
      Via:
      - 1.1 vegur
    body:
      encoding: UTF-8
      string: '[{"max":61459.74086028793,"min":42431.69222479094,"title":"Data Analyst"},{"max":87619.58205385953,"min":60042.26242039054,"title":"Data
        Scientist"},{"max":105042.42255169965,"min":67153.76184519003,"title":"Mobile
        Developer"},{"max":52982.3054297925,"min":34865.776503634945,"title":"QA Engineer"},{"max":73372.4758476077,"min":50655.93580408566,"title":"Systems
        Administrator"},{"max":63369.35086269795,"min":41272.93192822161,"title":"Web
        Developer"}]

        '
  recorded_at: Mon, 24 May 2021 22:21:07 GMT
- request:
    method: get
    uri: https://urban-salary-ms.herokuapp.com/api/san-diego
    body:
      encoding: US-ASCII
      string: ''
    headers:
      User-Agent:
      - Faraday v1.4.1
      Accept-Encoding:
      - gzip;q=1.0,deflate;q=0.6,identity;q=0.3
      Accept:
      - "*/*"
  response:
    status:
      code: 200
      message: OK
    headers:
      Connection:
      - keep-alive
      Server:
      - gunicorn
      Date:
      - Mon, 24 May 2021 22:21:07 GMT
      Content-Type:
      - application/json
      Content-Length:
      - '457'
      Via:
      - 1.1 vegur
    body:
      encoding: UTF-8
      string: '[{"max":65341.40869867492,"min":45111.58857688701,"title":"Data Analyst"},{"max":101510.49139888739,"min":69561.15768478984,"title":"Data
        Scientist"},{"max":102371.85247587343,"min":65446.462814673796,"title":"Mobile
        Developer"},{"max":75588.0890622255,"min":49741.84115712039,"title":"QA Engineer"},{"max":87422.52442244023,"min":60356.00861440417,"title":"Systems
        Administrator"},{"max":63369.35086269795,"min":41272.93192822161,"title":"Web
        Developer"}]

        '
  recorded_at: Mon, 24 May 2021 22:21:07 GMT
- request:
    method: get
    uri: https://urban-salary-ms.herokuapp.com/api/san-francisco-bay-area
    body:
      encoding: US-ASCII
      string: ''
    headers:
      User-Agent:
      - Faraday v1.4.1
      Accept-Encoding:
      - gzip;q=1.0,deflate;q=0.6,identity;q=0.3
      Accept:
      - "*/*"
  response:
    status:
      code: 200
      message: OK
    headers:
      Connection:
      - keep-alive
      Server:
      - gunicorn
      Date:
      - Mon, 24 May 2021 22:21:08 GMT
      Content-Type:
      - application/json
      Content-Length:
      - '459'
      Via:
      - 1.1 vegur
    body:
      encoding: UTF-8
      string: '[{"max":83455.8586391742,"min":57617.77154838942,"title":"Data Analyst"},{"max":139977.62498887436,"min":95921.17532983805,"title":"Data
        Scientist"},{"max":118395.27286553367,"min":75690.25699855258,"title":"Mobile
        Developer"},{"max":102432.45715746327,"min":67407.16790900621,"title":"QA
        Engineer"},{"max":106155.92248442232,"min":73289.43904791524,"title":"Systems
        Administrator"},{"max":108415.03400407254,"min":70611.52209321223,"title":"Web
        Developer"}]

        '
  recorded_at: Mon, 24 May 2021 22:21:08 GMT
- request:
    method: get
    uri: https://urban-salary-ms.herokuapp.com/api/san-jose
    body:
      encoding: US-ASCII
      string: ''
    headers:
      User-Agent:
      - Faraday v1.4.1
      Accept-Encoding:
      - gzip;q=1.0,deflate;q=0.6,identity;q=0.3
      Accept:
      - "*/*"
  response:
    status:
      code: 200
      message: OK
    headers:
      Connection:
      - keep-alive
      Server:
      - gunicorn
      Date:
      - Mon, 24 May 2021 22:21:08 GMT
      Content-Type:
      - application/json
      Content-Length:
      - '462'
      Via:
      - 1.1 vegur
    body:
      encoding: UTF-8
      string: '[{"max":24050.07087969107,"min":16604.05376289005,"title":"Data Analyst"},{"max":24672.57219228023,"min":16906.88305388589,"title":"Data
        Scientist"},{"max":39362.37825121436,"min":25164.500893054043,"title":"Mobile
        Developer"},{"max":32270.645825201373,"min":21236.337670459667,"title":"QA
        Engineer"},{"max":31610.745470333764,"min":21823.868327623386,"title":"Systems
        Administrator"},{"max":37767.300943047594,"min":24598.187501682554,"title":"Web
        Developer"}]

        '
  recorded_at: Mon, 24 May 2021 22:21:08 GMT
- request:
    method: get
    uri: https://urban-salary-ms.herokuapp.com/api/san-juan
    body:
      encoding: US-ASCII
      string: ''
    headers:
      User-Agent:
      - Faraday v1.4.1
      Accept-Encoding:
      - gzip;q=1.0,deflate;q=0.6,identity;q=0.3
      Accept:
      - "*/*"
  response:
    status:
      code: 200
      message: OK
    headers:
      Connection:
      - keep-alive
      Server:
      - gunicorn
      Date:
      - Mon, 24 May 2021 22:21:08 GMT
      Content-Type:
      - application/json
      Content-Length:
      - '458'
      Via:
      - 1.1 vegur
    body:
      encoding: UTF-8
      string: '[{"max":51315.61079520172,"min":35427.90599795118,"title":"Data Analyst"},{"max":102000.05660430521,"min":69896.67495009743,"title":"Data
        Scientist"},{"max":68098.93972490588,"min":43535.764167826805,"title":"Mobile
        Developer"},{"max":56383.34582657271,"min":37103.81240578177,"title":"QA Engineer"},{"max":54978.941123865974,"min":37957.47824784347,"title":"Systems
        Administrator"},{"max":58837.90868768355,"min":38321.47806137336,"title":"Web
        Developer"}]

        '
  recorded_at: Mon, 24 May 2021 22:21:08 GMT
- request:
    method: get
    uri: https://urban-salary-ms.herokuapp.com/api/san-luis-obispo
    body:
      encoding: US-ASCII
      string: ''
    headers:
      User-Agent:
      - Faraday v1.4.1
      Accept-Encoding:
      - gzip;q=1.0,deflate;q=0.6,identity;q=0.3
      Accept:
      - "*/*"
  response:
    status:
      code: 200
      message: OK
    headers:
      Connection:
      - keep-alive
      Server:
      - gunicorn
      Date:
      - Mon, 24 May 2021 22:21:09 GMT
      Content-Type:
      - application/json
      Content-Length:
      - '456'
      Via:
      - 1.1 vegur
    body:
      encoding: UTF-8
      string: '[{"max":54990.29444638925,"min":37965.19830883137,"title":"Data Analyst"},{"max":80139.86163605854,"min":54916.70343071813,"title":"Data
        Scientist"},{"max":66764.25160290037,"min":42682.475752389066,"title":"Mobile
        Developer"},{"max":52982.3054297925,"min":34865.776503634945,"title":"QA Engineer"},{"max":60102.9855246174,"min":41494.755934004614,"title":"Systems
        Administrator"},{"max":57261.46161954997,"min":37294.81800541845,"title":"Web
        Developer"}]

        '
  recorded_at: Mon, 24 May 2021 22:21:09 GMT
- request:
    method: get
    uri: https://urban-salary-ms.herokuapp.com/api/san-salvador
    body:
      encoding: US-ASCII
      string: ''
    headers:
      User-Agent:
      - Faraday v1.4.1
      Accept-Encoding:
      - gzip;q=1.0,deflate;q=0.6,identity;q=0.3
      Accept:
      - "*/*"
  response:
    status:
      code: 200
      message: OK
    headers:
      Connection:
      - keep-alive
      Server:
      - gunicorn
      Date:
      - Mon, 24 May 2021 22:21:09 GMT
      Content-Type:
      - application/json
      Content-Length:
      - '457'
      Via:
      - 1.1 vegur
    body:
      encoding: UTF-8
      string: '[{"max":7565.309930897314,"min":5222.774426968126,"title":"Data Analyst"},{"max":15037.971596561729,"min":10304.795196510444,"title":"Data
        Scientist"},{"max":10039.528670439722,"min":6418.428699555078,"title":"Mobile
        Developer"},{"max":8312.053489992502,"min":5469.787804798783,"title":"QA Engineer"},{"max":8105.560945166306,"min":5595.877320107886,"title":"Systems
        Administrator"},{"max":8673.88835917287,"min":5649.530797343719,"title":"Web
        Developer"}]

        '
  recorded_at: Mon, 24 May 2021 22:21:09 GMT
- request:
    method: get
    uri: https://urban-salary-ms.herokuapp.com/api/santo-domingo
    body:
      encoding: US-ASCII
      string: ''
    headers:
      User-Agent:
      - Faraday v1.4.1
      Accept-Encoding:
      - gzip;q=1.0,deflate;q=0.6,identity;q=0.3
      Accept:
      - "*/*"
  response:
    status:
      code: 200
      message: OK
    headers:
      Connection:
      - keep-alive
      Server:
      - gunicorn
      Date:
      - Mon, 24 May 2021 22:21:10 GMT
      Content-Type:
      - application/json
      Content-Length:
      - '457'
      Via:
      - 1.1 vegur
    body:
      encoding: UTF-8
      string: '[{"max":7533.032545491671,"min":5200.756393832416,"title":"Data Analyst"},{"max":14973.720790255511,"min":10260.720631081811,"title":"Data
        Scientist"},{"max":9997.107268654367,"min":6390.82892553059,"title":"Mobile
        Developer"},{"max":8277.195120942044,"min":5447.03006608217,"title":"QA Engineer"},{"max":8070.8626417824335,"min":5572.031432156998,"title":"Systems
        Administrator"},{"max":8637.669432349474,"min":5625.5640924650215,"title":"Web
        Developer"}]

        '
  recorded_at: Mon, 24 May 2021 22:21:10 GMT
- request:
    method: get
    uri: https://urban-salary-ms.herokuapp.com/api/saskatoon
    body:
      encoding: US-ASCII
      string: ''
    headers:
      User-Agent:
      - Faraday v1.4.1
      Accept-Encoding:
      - gzip;q=1.0,deflate;q=0.6,identity;q=0.3
      Accept:
      - "*/*"
  response:
    status:
      code: 200
      message: OK
    headers:
      Connection:
      - keep-alive
      Server:
      - gunicorn
      Date:
      - Mon, 24 May 2021 22:21:10 GMT
      Content-Type:
      - application/json
      Content-Length:
      - '458'
      Via:
      - 1.1 vegur
    body:
      encoding: UTF-8
      string: '[{"max":45879.83799235587,"min":32840.108775088265,"title":"Data Analyst"},{"max":58568.44245117355,"min":38064.33644438384,"title":"Data
        Scientist"},{"max":62948.87915083329,"min":43307.305056542864,"title":"Mobile
        Developer"},{"max":52624.10093250306,"min":35607.375343452135,"title":"QA
        Engineer"},{"max":73877.41873552518,"min":52740.60434083517,"title":"Systems
        Administrator"},{"max":40274.12126826937,"min":27641.52986428271,"title":"Web
        Developer"}]

        '
  recorded_at: Mon, 24 May 2021 22:21:10 GMT
- request:
    method: get
    uri: https://urban-salary-ms.herokuapp.com/api/seattle
    body:
      encoding: US-ASCII
      string: ''
    headers:
      User-Agent:
      - Faraday v1.4.1
      Accept-Encoding:
      - gzip;q=1.0,deflate;q=0.6,identity;q=0.3
      Accept:
      - "*/*"
  response:
    status:
      code: 200
      message: OK
    headers:
      Connection:
      - keep-alive
      Server:
      - gunicorn
      Date:
      - Mon, 24 May 2021 22:21:11 GMT
      Content-Type:
      - application/json
      Content-Length:
      - '454'
      Via:
      - 1.1 vegur
    body:
      encoding: UTF-8
      string: '[{"max":71810.85510921839,"min":49578.08249600103,"title":"Data Analyst"},{"max":139977.62498887436,"min":95921.17532983805,"title":"Data
        Scientist"},{"max":101481.66245236293,"min":64877.36314790716,"title":"Mobile
        Developer"},{"max":77000.950564234,"min":50671.59518144873,"title":"QA Engineer"},{"max":91325.31567583216,"min":63050.4732937251,"title":"Systems
        Administrator"},{"max":91618.33860329307,"min":59671.70880924855,"title":"Web
        Developer"}]

        '
  recorded_at: Mon, 24 May 2021 22:21:11 GMT
- request:
    method: get
    uri: https://urban-salary-ms.herokuapp.com/api/st-louis
    body:
      encoding: US-ASCII
      string: ''
    headers:
      User-Agent:
      - Faraday v1.4.1
      Accept-Encoding:
      - gzip;q=1.0,deflate;q=0.6,identity;q=0.3
      Accept:
      - "*/*"
  response:
    status:
      code: 200
      message: OK
    headers:
      Connection:
      - keep-alive
      Server:
      - gunicorn
      Date:
      - Mon, 24 May 2021 22:21:11 GMT
      Content-Type:
      - application/json
      Content-Length:
      - '457'
      Via:
      - 1.1 vegur
    body:
      encoding: UTF-8
      string: '[{"max":62106.68549841864,"min":42878.34161807408,"title":"Data Analyst"},{"max":125018.18414399288,"min":85670.05736061197,"title":"Data
        Scientist"},{"max":66764.25160290037,"min":42682.475752389066,"title":"Mobile
        Developer"},{"max":67110.92020207188,"min":44163.31690578458,"title":"QA Engineer"},{"max":81178.05838462056,"min":56044.865148394674,"title":"Systems
        Administrator"},{"max":71004.2124116037,"min":46245.57432853396,"title":"Web
        Developer"}]

        '
  recorded_at: Mon, 24 May 2021 22:21:11 GMT
- request:
    method: get
    uri: https://urban-salary-ms.herokuapp.com/api/tampa-bay-area
    body:
      encoding: US-ASCII
      string: ''
    headers:
      User-Agent:
      - Faraday v1.4.1
      Accept-Encoding:
      - gzip;q=1.0,deflate;q=0.6,identity;q=0.3
      Accept:
      - "*/*"
  response:
    status:
      code: 200
      message: OK
    headers:
      Connection:
      - keep-alive
      Server:
      - gunicorn
      Date:
      - Mon, 24 May 2021 22:21:11 GMT
      Content-Type:
      - application/json
      Content-Length:
      - '456'
      Via:
      - 1.1 vegur
    body:
      encoding: UTF-8
      string: '[{"max":63400.57478354005,"min":43771.64040059933,"title":"Data Analyst"},{"max":87619.58205385953,"min":60042.26242039054,"title":"Data
        Scientist"},{"max":66764.25160290037,"min":42682.475752389066,"title":"Mobile
        Developer"},{"max":64285.197263147296,"min":42303.80881687898,"title":"QA
        Engineer"},{"max":76494.70886427842,"min":52811.5075442126,"title":"Systems
        Administrator"},{"max":74058.15703431505,"min":48234.63128494238,"title":"Web
        Developer"}]

        '
  recorded_at: Mon, 24 May 2021 22:21:11 GMT
- request:
    method: get
    uri: https://urban-salary-ms.herokuapp.com/api/toronto
    body:
      encoding: US-ASCII
      string: ''
    headers:
      User-Agent:
      - Faraday v1.4.1
      Accept-Encoding:
      - gzip;q=1.0,deflate;q=0.6,identity;q=0.3
      Accept:
      - "*/*"
  response:
    status:
      code: 200
      message: OK
    headers:
      Connection:
      - keep-alive
      Server:
      - gunicorn
      Date:
      - Mon, 24 May 2021 22:21:12 GMT
      Content-Type:
      - application/json
      Content-Length:
      - '458'
      Via:
      - 1.1 vegur
    body:
      encoding: UTF-8
      string: '[{"max":56021.696925413635,"min":40099.50123771417,"title":"Data Analyst"},{"max":85809.57854418806,"min":55768.678980511024,"title":"Data
        Scientist"},{"max":64207.856732697204,"min":44173.45115581097,"title":"Mobile
        Developer"},{"max":54202.82396559166,"min":36675.59660086693,"title":"QA Engineer"},{"max":57660.42437948517,"min":41163.39850872837,"title":"Systems
        Administrator"},{"max":52704.40561188935,"min":36172.86624239922,"title":"Web
        Developer"}]

        '
  recorded_at: Mon, 24 May 2021 22:21:12 GMT
- request:
    method: get
    uri: https://urban-salary-ms.herokuapp.com/api/vancouver
    body:
      encoding: US-ASCII
      string: ''
    headers:
      User-Agent:
      - Faraday v1.4.1
      Accept-Encoding:
      - gzip;q=1.0,deflate;q=0.6,identity;q=0.3
      Accept:
      - "*/*"
  response:
    status:
      code: 200
      message: OK
    headers:
      Connection:
      - keep-alive
      Server:
      - gunicorn
      Date:
      - Mon, 24 May 2021 22:21:12 GMT
      Content-Type:
      - application/json
      Content-Length:
      - '456'
      Via:
      - 1.1 vegur
    body:
      encoding: UTF-8
      string: '[{"max":46362.78366088831,"min":33185.79412659333,"title":"Data Analyst"},{"max":72189.01052680617,"min":46916.50768312615,"title":"Data
        Scientist"},{"max":54765.5248453645,"min":37677.35540084247,"title":"Mobile
        Developer"},{"max":51045.377906296024,"min":34539.1540823629,"title":"QA Engineer"},{"max":57059.794951008495,"min":40734.613113892054,"title":"Systems
        Administrator"},{"max":57179.30797668733,"min":39244.14733658961,"title":"Web
        Developer"}]

        '
  recorded_at: Mon, 24 May 2021 22:21:12 GMT
- request:
    method: get
    uri: https://urban-salary-ms.herokuapp.com/api/victoria
    body:
      encoding: US-ASCII
      string: ''
    headers:
      User-Agent:
      - Faraday v1.4.1
      Accept-Encoding:
      - gzip;q=1.0,deflate;q=0.6,identity;q=0.3
      Accept:
      - "*/*"
  response:
    status:
      code: 200
      message: OK
    headers:
      Connection:
      - keep-alive
      Server:
      - gunicorn
      Date:
      - Mon, 24 May 2021 22:21:13 GMT
      Content-Type:
      - application/json
      Content-Length:
      - '457'
      Via:
      - 1.1 vegur
    body:
      encoding: UTF-8
      string: '[{"max":46845.729324256325,"min":33531.47948133369,"title":"Data Analyst"},{"max":74913.12404586827,"min":48686.94199940501,"title":"Data
        Scientist"},{"max":76797.6325483365,"min":52834.912166592425,"title":"Mobile
        Developer"},{"max":65253.885161996404,"min":44153.14542288878,"title":"QA
        Engineer"},{"max":64267.34800531461,"min":45880.03792160097,"title":"Systems
        Administrator"},{"max":52704.40561188935,"min":36172.86624239922,"title":"Web
        Developer"}]

        '
  recorded_at: Mon, 24 May 2021 22:21:13 GMT
- request:
    method: get
    uri: https://urban-salary-ms.herokuapp.com/api/winnipeg
    body:
      encoding: US-ASCII
      string: ''
    headers:
      User-Agent:
      - Faraday v1.4.1
      Accept-Encoding:
      - gzip;q=1.0,deflate;q=0.6,identity;q=0.3
      Accept:
      - "*/*"
  response:
    status:
      code: 200
      message: OK
    headers:
      Connection:
      - keep-alive
      Server:
      - gunicorn
      Date:
      - Mon, 24 May 2021 22:21:13 GMT
      Content-Type:
      - application/json
      Content-Length:
      - '461'
      Via:
      - 1.1 vegur
    body:
      encoding: UTF-8
      string: '[{"max":43465.109671658145,"min":31111.682000674136,"title":"Data Analyst"},{"max":61292.55606912199,"min":39834.77068186757,"title":"Data
        Scientist"},{"max":72391.21102449992,"min":49803.400806511985,"title":"Mobile
        Developer"},{"max":47361.690838871524,"min":32046.637810022683,"title":"QA
        Engineer"},{"max":45047.20654777414,"min":32158.90508408322,"title":"Systems
        Administrator"},{"max":39776.90989540121,"min":27300.276407735248,"title":"Web
        Developer"}]

        '
  recorded_at: Mon, 24 May 2021 22:21:13 GMT
- request:
    method: get
    uri: https://urban-salary-ms.herokuapp.com/api/denver
    body:
      encoding: US-ASCII
      string: ''
    headers:
      User-Agent:
      - Faraday v1.4.1
      Accept-Encoding:
      - gzip;q=1.0,deflate;q=0.6,identity;q=0.3
      Accept:
      - "*/*"
  response:
    status:
      code: 200
      message: OK
    headers:
      Connection:
      - keep-alive
      Server:
      - gunicorn
      Date:
      - Mon, 24 May 2021 22:21:13 GMT
      Content-Type:
      - application/json
      Content-Length:
      - '457'
      Via:
      - 1.1 vegur
    body:
      encoding: UTF-8
      string: '[{"max":62106.68549841864,"min":42878.34161807408,"title":"Data Analyst"},{"max":108990.21182279277,"min":74686.71667078791,"title":"Data
        Scientist"},{"max":109493.37264132568,"min":69999.26023545155,"title":"Mobile
        Developer"},{"max":85478.11939284134,"min":56250.11944442941,"title":"QA Engineer"},{"max":78055.82537282901,"min":53889.29340697162,"title":"Systems
        Administrator"},{"max":78639.07397537524,"min":51218.21672136418,"title":"Web
        Developer"}]

        '
  recorded_at: Mon, 24 May 2021 22:21:13 GMT
recorded_with: VCR 6.0.0
